
> Configure project :app
e: file:///C:/Users/Nam_Nguyen/AndroidStudioProjects/EnglishUP/app/build.gradle.kts:55:5: Unresolved reference 'kapt'.

FAILURE: Build failed with an exception.

* Where:
Build file 'C:\Users\Nam_Nguyen\AndroidStudioProjects\EnglishUP\app\build.gradle.kts' line: 55

* What went wrong:
Script compilation error:

  Line 55:     kapt(libs.androidx.room.compiler)
               ^ Unresolved reference 'kapt'.

1 error

* Try:
> Run with --stacktrace option to get the stack trace.
> Run with --info or --debug option to get more log output.
> Run with --scan to get full insights from a Build Scan (powered by Develocity).
> Get more help at https://help.gradle.org.

BUILD FAILED in 3s
