--------- beginning of crash
--------- beginning of system
2026-04-13 22:48:54.830  2560-2729  OplusThermalStats       pid-2560                             E  Error getting package info: com.example.englishup
2026-04-13 22:49:53.067  2560-2729  OplusThermalStats       pid-2560                             E  Error getting package info: com.example.englishup
2026-04-13 23:15:05.801  2560-2729  OplusThermalStats       pid-2560                             E  Error getting package info: com.example.englishup
--------- beginning of main
---------------------------- PROCESS STARTED (16057) for package com.example.englishup ----------------------------
2026-04-13 23:26:30.587 16057-16057 ample.englishu          com.example.englishup                I  Late-enabling -Xcheck:jni
2026-04-13 23:26:30.625 16057-16057 ample.englishu          com.example.englishup                E  Unknown bits set in runtime_flags: 0x40000000
2026-04-13 23:26:30.625 16057-16057 ample.englishu          com.example.englishup                I  Using CollectorTypeCC GC.
2026-04-13 23:26:30.638 16057-16057 ProcessState            com.example.englishup                D  Binder ioctl to enable oneway spam detection failed: Invalid argument
2026-04-13 23:26:30.644 16057-16057 OneTrace                com.example.englishup                I  Mark active for pid=16057? true
2026-04-13 23:26:30.644 16057-16057 cutils-dev              com.example.englishup                D  otrace_set_tracing_enabled? true
2026-04-13 23:26:30.646 16057-16070 cutils-dev              com.example.englishup                D  properties changed in otrace_seq_number_changed!
2026-04-13 23:26:30.674  2560-2729  OplusThermalStats       system_server                        E  Error getting package info: com.example.englishup
2026-04-13 23:26:30.686 16057-16057 nativeloader            com.example.englishup                D  Load /data/user/0/com.example.englishup/code_cache/startup_agents/a82ed9e3-agent.so using system ns (caller=<unknown>): ok
2026-04-13 23:26:30.699 16057-16057 ample.englishu          com.example.englishup                W  hiddenapi: DexFile /data/data/com.example.englishup/code_cache/.studio/instruments-2fd5708c.jar is in boot class path but is not in a known location
2026-04-13 23:26:30.715 16057-16057 ample.englishu          com.example.englishup                W  Redefining intrinsic method java.lang.Thread java.lang.Thread.currentThread(). This may cause the unexpected use of the original definition of java.lang.Thread java.lang.Thread.currentThread()in methods that have already been compiled.
2026-04-13 23:26:30.715 16057-16057 ample.englishu          com.example.englishup                W  Redefining intrinsic method boolean java.lang.Thread.interrupted(). This may cause the unexpected use of the original definition of boolean java.lang.Thread.interrupted()in methods that have already been compiled.
2026-04-13 23:26:30.725 16057-16057 ActivityThread          com.example.englishup                I  Relaunch all activities: onCoreSettingsChange
2026-04-13 23:26:30.727 16057-16057 Compatibil...geReporter com.example.englishup                D  Compat change id reported: 171979766; UID 10296; state: ENABLED
2026-04-13 23:26:30.728 16057-16057 oplus.andr...actoryImpl com.example.englishup                I  get feature:IOplusAutoResolutionFeature
2026-04-13 23:26:30.728 16057-16057 oplus.andr...actoryImpl com.example.englishup                I  getOplusAutoResolutionFeature
2026-04-13 23:26:30.729 16057-16057 CompactWindowAppManager com.example.englishup                D  initCompactApplicationInfo
2026-04-13 23:26:30.836 16057-16057 OplusFeatureCache       com.example.englishup                I  Milliseconds spent on init(): 80
2026-04-13 23:26:30.851 16057-16057 LoadedApk               com.example.englishup                D  mApplicationInfo overrideDisplayId:null
2026-04-13 23:26:30.883 16057-16057 ample.englishu          com.example.englishup                W  ClassLoaderContext classpath size mismatch. expected=0, found=7 (PCL[] | PCL[/data/data/com.example.englishup/code_cache/.overlay/base.apk/classes4.dex*4057173983:/data/data/com.example.englishup/code_cache/.overlay/base.apk/classes8.dex*4352477:/data/data/com.example.englishup/code_cache/.overlay/base.apk/classes3.dex*573895733:/data/data/com.example.englishup/code_cache/.overlay/base.apk/classes5.dex*710691440:/data/data/com.example.englishup/code_cache/.overlay/base.apk/classes6.dex*2309155569:/data/data/com.example.englishup/code_cache/.overlay/base.apk/classes7.dex*1671817259:/data/data/com.example.englishup/code_cache/.overlay/base.apk/classes9.dex*2161031706])
2026-04-13 23:26:30.889 16057-16057 nativeloader            com.example.englishup                D  Configuring clns-4 for other apk /data/app/~~GrmbDCjOAgcG8sLLSPAvWQ==/com.example.englishup-D7ICNLC222Ju5g5ticyo_Q==/base.apk. target_sdk_version=36, uses_libraries=, library_path=/data/app/~~GrmbDCjOAgcG8sLLSPAvWQ==/com.example.englishup-D7ICNLC222Ju5g5ticyo_Q==/lib/arm64:/data/app/~~GrmbDCjOAgcG8sLLSPAvWQ==/com.example.englishup-D7ICNLC222Ju5g5ticyo_Q==/base.apk!/lib/arm64-v8a, permitted_path=/data:/mnt/expand:/data/user/0/com.example.englishup
2026-04-13 23:26:30.924 16057-16057 GraphicsEnvironment     com.example.englishup                V  ANGLE Developer option for 'com.example.englishup' set to: 'default'
2026-04-13 23:26:30.924 16057-16057 GraphicsEnvironment     com.example.englishup                V  Neither updatable production driver nor prerelease driver is supported.
2026-04-13 23:26:30.935 16057-16057 NetworkSecurityConfig   com.example.englishup                D  No Network Security Config specified, using platform default
2026-04-13 23:26:30.937 16057-16057 NetworkSecurityConfig   com.example.englishup                D  No Network Security Config specified, using platform default
2026-04-13 23:26:31.030 16057-16057 oplus.andr...actoryImpl com.example.englishup                I  Unknow feature:IOplusTextViewRTLUtilForUG
2026-04-13 23:26:31.039 16057-16057 ample.englishu          com.example.englishup                E  Invalid ID 0x00000000.
2026-04-13 23:26:31.098 16057-16057 Quality                 com.example.englishup                I  ActivityThread: activityStart delay 127 com.example.englishup 16057
2026-04-13 23:26:31.106 16057-16057 OplusInputMethodUtil    com.example.englishup                D  init DEBUG to false, update DEBUG_IME to false
2026-04-13 23:26:31.106 16057-16057 OplusInputMethodUtil    com.example.englishup                D  init DEBUG to false, update DEBUG_IME to false
2026-04-13 23:26:31.115 16057-16057 OplusSlideAnimOptHelper com.example.englishup                D  com.example.englishup scrollEffectOpt enable = false
2026-04-13 23:26:31.126 16057-16057 WindowManager           com.example.englishup                D  Add to mViews: DecorView@f44c82f[MainActivity],pkg= com.example.englishup
2026-04-13 23:26:31.134 16057-16098 ExtensionsLoader        com.example.englishup                D  createInstance(64bit) : createExtendedFactory
2026-04-13 23:26:31.136 16057-16098 ExtensionsLoader        com.example.englishup                D  Opened libhwuiextimpl.so
2026-04-13 23:26:31.136 16057-16057 ExtensionsLoader        com.example.englishup                D  createInstance(64bit) : createExtendedFactory
2026-04-13 23:26:31.137 16057-16057 ExtensionsLoader        com.example.englishup                D  Opened libSchedAssistExtImpl.so
2026-04-13 23:26:31.137 16057-16057 ample.englishu          com.example.englishup                E  ofbOpen failed with error=No such file or directory
2026-04-13 23:26:31.137 16057-16057 ample.englishu          com.example.englishup                E  sysOpen failed with error=No such file or directory
2026-04-13 23:26:31.133 16057-16057 ample.englishup         com.example.englishup                W  type=1400 audit(0.0:53048): avc: denied { search } for name="sched_assist" dev="proc" ino=4026532186 scontext=u:r:untrusted_app:s0:c40,c257,c512,c768 tcontext=u:object_r:oplus_scheduler_sched_assist_proc:s0 tclass=dir permissive=0 app=com.example.englishup
2026-04-13 23:26:31.157 16057-16057 Quality                 com.example.englishup                I  ActivityThread: activityResume delay 54 com.example.englishup 16057
2026-04-13 23:26:31.161 16057-16057 Quality                 com.example.englishup                I  Skipped: false 12 cost 200.33559 refreshRate 0 processName com.example.englishup
2026-04-13 23:26:31.164 16057-16057 nativeloader            com.example.englishup                D  Load libSchedAssistJni.so using system ns (caller=/system/framework/oplus-framework.jar): ok
2026-04-13 23:26:31.164 16057-16057 ExtensionsLoader        com.example.englishup                D  createInstance(64bit) : createExtendedFactory
2026-04-13 23:26:31.164 16057-16057 ExtensionsLoader        com.example.englishup                D  Opened libSchedAssistExtImpl.so
2026-04-13 23:26:31.182  3496-3956  AuthDialogHelper        com.oplus.persist.system             E  CheckNotificationCanBeSetSecond: check com.example.englishup , Notification master switch on, unable to pop dialog
2026-04-13 23:26:31.278 16057-16057 ample.englishu          com.example.englishup                I  hiddenapi: Accessing hidden method Landroid/os/SystemProperties;->addChangeCallback(Ljava/lang/Runnable;)V (runtime_flags=0, domain=platform, api=unsupported) from Landroidx/compose/ui/platform/AndroidComposeView$Companion; (domain=app, TargetSdkVersion=36) using reflection: allowed
2026-04-13 23:26:31.295 16057-16057 Vibrator                com.example.englishup                D  SystemVibrator Created
2026-04-13 23:26:31.857 16057-16057 VocabularyViewModel     com.example.englishup                D  loadData: Start loading vocabulary for date: 2026-04-13
2026-04-13 23:26:31.866 16057-16057 VocabularyRepository    com.example.englishup                D  getAllFlow: Triggering flow collection for 2026-04-13
2026-04-13 23:26:32.416 16057-16057 ExtensionsLoader        com.example.englishup                D  createInstance(64bit) : createExtendedFactory
2026-04-13 23:26:32.417 16057-16057 ExtensionsLoader        com.example.englishup                D  Opened libSchedAssistExtImpl.so
2026-04-13 23:26:32.422 16057-16057 OplusZoomW...ViewHelper com.example.englishup                V  setLastReportedMergedConfiguration mZoomDisplayHeight: 1600 getDecorView.256165935
2026-04-13 23:26:32.423 16057-16098 AdrenoGLES-0            com.example.englishup                I  QUALCOMM build                   : 704ecd9a2b, Ib3f3e69395
Build Date                       : 12/29/20
OpenGL ES Shader Compiler Version: EV031.32.02.06
Local Branch                     :
Remote Branch                    :
Remote Branch                    :
Reconstruct Branch               :
2026-04-13 23:26:32.423 16057-16098 AdrenoGLES-0            com.example.englishup                I  Build Config                     : S P 10.0.7 AArch64
2026-04-13 23:26:32.423 16057-16098 AdrenoGLES-0            com.example.englishup                I  Driver Path                      : /vendor/lib64/egl/libGLESv2_adreno.so
2026-04-13 23:26:32.429 16057-16098 AdrenoGLES-0            com.example.englishup                I  PFP: 0x016ee190, ME: 0x00000000
2026-04-13 23:26:32.453 16057-16098 hw-ProcessState         com.example.englishup                D  Binder ioctl to enable oneway spam detection failed: Invalid argument
2026-04-13 23:26:32.681 16057-16083 Quality                 com.example.englishup                I  stackInfo :----- pid 16057 at 2026-04-13 23:26:32.661 -----;Cmd line: com.example.englishup;"main" prio=5 tid=2 RUNNABLE sysTid=16057;  at androidx.compose.runtime.internal.Thread_jvmKt.currentThreadId(Thread.jvm.kt:19);  at androidx.compose.runtime.internal.SnapshotThreadLocal.get(SnapshotThreadLocal.kt:39);  at androidx.compose.runtime.SnapshotStateKt__DerivedStateKt.derivedStateObservers(DerivedState.kt:366);  at androidx.compose.runtime.SnapshotStateKt.derivedStateObservers(Unknown Source:1);  at androidx.compose.runtime.snapshots.SnapshotStateObserver$ObservedScopeMap.observe(SnapshotStateObserver.kt:630);  at androidx.compose.runtime.snapshots.SnapshotStateObserver.observeReads(SnapshotStateObserver.kt:248);  at androidx.compose.ui.node.OwnerSnapshotObserver.observeReads$ui_release(OwnerSnapshotObserver.kt:124);  at androidx.compose.ui.node.NodeCoordinator$drawBlock$1.invoke(NodeCoordinator.kt:489);  at androidx.compose.ui.node.NodeCoordinator$drawBlock$1.invoke(NodeCoordinator.kt:485);  at androidx.compose.ui.platform.GraphicsLayerOwnerLayer$recordLambda$1.invoke(GraphicsLayerOwnerLayer.android.kt:276);  at androidx.compose.ui.platform.GraphicsLayerOwnerLayer$recordLambda$1.invoke(GraphicsLayerOwnerLayer.android.kt:274);  at androidx.compose.ui.graphics.layer.GraphicsLayer.drawWithChildTracking(AndroidGraphicsLayer.android.kt:438);  at androidx.compose.ui.graphics.layer.GraphicsLayer.access$drawWithChildTracking(AndroidGraphicsLayer.android.kt:55);  at androidx.compose.ui.graphics.layer.GraphicsLayer$clipDrawBlock$1.invoke(AndroidGraphicsLayer.android.kt:68);  at androidx.compose.ui.graphics.layer.GraphicsLayer$clipDrawBlock$1.invoke(AndroidGraphicsLayer.android.kt:63);  at androidx.compose.ui.graphics.layer.GraphicsLayerV29.record(GraphicsLayerV29.android.kt:251);  at androidx.compose.ui.graphics.layer.GraphicsLayer.recordInternal(AndroidGraphicsLayer.android.kt:431);  at androidx.compose.ui.graphics.layer.GraphicsLayer.record-mL-hObY(AndroidGraphicsLayer.android.kt:427);  at androidx.compose.ui.platform.GraphicsLayerOwnerLayer.updateDisplayList(GraphicsLayerOwnerLayer.android.kt:269);  at androidx.compose.ui.platform.GraphicsLayerOwnerLayer.drawLayer(GraphicsLayerOwnerLayer.android.kt:248);  at androidx.compose.ui.node.NodeCoordinator.draw(NodeCoordinator.kt:444);  at androidx.compose.ui.node.LayoutModifierNodeCoordinator.performDraw(LayoutModifierNodeCoordinator.kt:271);  at androidx.compose.ui.node.NodeCoordinator.drawContainedDrawModifiers(NodeCoordinator.kt:457);  at androidx.compose.ui.node.NodeCoordinator.draw(NodeCoordinator.kt:449);  at androidx.compose.ui.node.LayoutModifierNodeCoordinator.performDraw(LayoutModifierNodeCoordinator.kt:271);  at androidx.compose.ui.node.NodeCoordinator.drawContainedDrawModifiers(NodeCoordinator.kt:457);  at androidx.compose.ui.node.NodeCoordinator.draw(NodeCoordinator.kt:449);  at androidx.compose.ui.node.LayoutNode.draw$ui_release(LayoutNode.kt:1054);  at androidx.compose.ui.node.InnerNodeCoordinator.performDraw(InnerNodeCoordinator.kt:177);  at androidx.compose.ui.node.NodeCoordinator.drawContainedDrawModifiers(NodeCoordinator.kt:457);
2026-04-13 23:26:32.809 16057-16103 SurfaceComposerClient   com.example.englishup                D  VRR [FRTC] client handle [bufferId:18446744073709551615 framenumber:0] [ffffffff, ffffffff]
2026-04-13 23:26:32.812 16057-16103 OpenGLRenderer          com.example.englishup                I  Davey! duration=1844ms; Flags=1, FrameTimelineVsyncId=1497309, IntendedVsync=105810201933790, Vsync=105810401933782, InputEventId=0, HandleInputStart=105810406844374, AnimationStart=105810406874270, PerformTraversalsStart=105810407751718, DrawStart=105811874870415, FrameDeadline=105810218600456, FrameInterval=105810402269374, FrameStartTime=16666666, SyncQueued=105811978537915, SyncStart=105811978695259, IssueDrawCommandsStart=105811980239634, SwapBuffers=105812040473697, FrameCompleted=105812046295728, DequeueBufferDuration=27761, QueueBufferDuration=3464636, GpuCompleted=105812046295728, SwapBuffersCompleted=105812046295728, DisplayPresentTime=0,
2026-04-13 23:26:32.814 16057-16057 ANR_LOG                 com.example.englishup                E  >>> msg's executing time is too long
2026-04-13 23:26:32.814 16057-16057 ANR_LOG                 com.example.englishup                E  Blocked msg = { when=-1s853ms what=0 target=android.view.Choreographer$FrameHandler callback=android.view.Choreographer$FrameDisplayEventReceiver } , cost  = 1652 ms
2026-04-13 23:26:32.814 16057-16057 ANR_LOG                 com.example.englishup                E  >>>Current msg List is:
2026-04-13 23:26:32.815 16057-16057 ANR_LOG                 com.example.englishup                E  Current msg <1> = { when=-1d5h23m32s54ms what=0 target=android.view.ViewRootImpl$ViewRootHandler callback=android.view.ViewRootImpl$$ExternalSyntheticLambda13 }
2026-04-13 23:26:32.816 16057-16057 ANR_LOG                 com.example.englishup                E  Current msg <2> = { when=-1s697ms what=0 target=android.view.ViewRootImpl$ViewRootHandler callback=android.view.ViewRootImpl$4 }
2026-04-13 23:26:32.816 16057-16057 ANR_LOG                 com.example.englishup                E  Current msg <3> = { when=-1s615ms what=0 target=android.os.Handler callback=kotlinx.coroutines.internal.DispatchedContinuation }
2026-04-13 23:26:32.816 16057-16057 ANR_LOG                 com.example.englishup                E  Current msg <4> = { when=-1s612ms what=0 target=android.os.Handler callback=androidx.compose.ui.platform.AndroidUiDispatcher$dispatchCallback$1 }
2026-04-13 23:26:32.816 16057-16057 ANR_LOG                 com.example.englishup                E  Current msg <5> = { when=-1s457ms barrier=1 }
2026-04-13 23:26:32.817 16057-16057 ANR_LOG                 com.example.englishup                E  Current msg <6> = { when=-1s209ms what=0 target=android.os.Handler callback=androidx.emoji2.text.EmojiCompatInitializer$LoadEmojiCompatRunnable }
2026-04-13 23:26:32.817 16057-16057 ANR_LOG                 com.example.englishup                E  Current msg <7> = { when=-1s132ms what=0 target=android.app.ActivityThread$H callback=android.app.ActivityThread$$ExternalSyntheticLambda1 }
2026-04-13 23:26:32.818 16057-16057 ANR_LOG                 com.example.englishup                E  Current msg <8> = { when=-910ms what=0 target=android.os.Handler callback=kotlinx.coroutines.internal.DispatchedContinuation }
2026-04-13 23:26:32.818 16057-16057 ANR_LOG                 com.example.englishup                E  Current msg <9> = { when=-905ms what=0 target=android.os.Handler callback=kotlinx.coroutines.internal.DispatchedContinuation }
2026-04-13 23:26:32.818 16057-16057 ANR_LOG                 com.example.englishup                E  Current msg <10> = { when=-407ms what=5 target=android.view.ViewRootImpl$ViewRootHandler obj=com.android.internal.os.SomeArgs@d517f20 }
2026-04-13 23:26:32.818 16057-16057 ANR_LOG                 com.example.englishup                E  >>>CURRENT MSG DUMP OVER<<<
2026-04-13 23:26:32.819 16057-16057 Quality                 com.example.englishup                I  ActivityThread: doFrame delay 1658 com.example.englishup 16057
2026-04-13 23:26:32.820 16057-16082 Quality                 com.example.englishup                I  Blocked msg = Package name: com.example.englishup [ schedGroup: 5 schedPolicy: 0 ] process the message: { when=-1s859ms what=0 target=android.view.Choreographer$FrameHandler callback=android.view.Choreographer$FrameDisplayEventReceiver } took 1658 ms
2026-04-13 23:26:32.902 16057-16057 Choreographer           com.example.englishup                I  Skipped 101 frames!  The application may be doing too much work on its main thread.
2026-04-13 23:26:32.902 16057-16057 Quality                 com.example.englishup                I  Skipped: false 101 cost 1691.7499 refreshRate 0 processName com.example.englishup
2026-04-13 23:26:33.013 16057-16057 VocabularyRepository    com.example.englishup                D  getAllFlow: Already refilled for today (2026-04-13). Skipping refill.
2026-04-13 23:26:33.035 16057-16103 OpenGLRenderer          com.example.englishup                I  Davey! duration=1804ms; Flags=0, FrameTimelineVsyncId=1497317, IntendedVsync=105810451909371, Vsync=105812135242637, InputEventId=0, HandleInputStart=105812144599009, AnimationStart=105812144618280, PerformTraversalsStart=105812234094165, DrawStart=105812247105259, FrameDeadline=105810485242703, FrameInterval=105812143659322, FrameStartTime=16666666, SyncQueued=105812250413801, SyncStart=105812250532186, IssueDrawCommandsStart=105812250663644, SwapBuffers=105812252822655, FrameCompleted=105812256779582, DequeueBufferDuration=29167, QueueBufferDuration=1477864, GpuCompleted=105812256779582, SwapBuffersCompleted=105812255003644, DisplayPresentTime=0,
2026-04-13 23:26:33.085 16057-16057 Quality                 com.example.englishup                I  Skipped: false 10 cost 174.7027 refreshRate 0 processName com.example.englishup
2026-04-13 23:26:33.105 16057-16057 VocabularyViewModel     com.example.englishup                D  loadData: Received 10 total words and 10 due words
2026-04-13 23:26:33.119 16057-16057 Quality                 com.example.englishup                I  Skipped: false 1 cost 25.487904 refreshRate 0 processName com.example.englishup
2026-04-13 23:26:33.584 16057-16057 Quality                 com.example.englishup                I  Skipped: true 27 cost 456.47836 refreshRate 0 processName com.example.englishup
2026-04-13 23:26:33.647 16057-16057 Quality                 com.example.englishup                I  Skipped: false 3 cost 52.883385 refreshRate 0 processName com.example.englishup
2026-04-13 23:26:35.296 16057-16057 Quality                 com.example.englishup                I  Skipped: false 1 cost 19.090023 refreshRate 0 processName com.example.englishup
2026-04-13 23:26:35.423 16057-16057 Quality                 com.example.englishup                I  Skipped: false 2 cost 46.759087 refreshRate 0 processName com.example.englishup
2026-04-13 23:26:35.492 16057-16057 GrammarRepository       com.example.englishup                D  getAll: Fetching from remote API...
2026-04-13 23:26:35.492 16057-16057 GrammarRepository       com.example.englishup                D  getAll: Fetched 4 items from remote API
2026-04-13 23:26:35.787  3496-6121  Battery                 com.oplus.persist.system             E  AppStats: Uid = 10296; pkgName = com.example.englishup; CpuFgTime = 0 ms; CpuBgTime = 0 ms.
2026-04-13 23:26:35.787  3496-6121  Battery                 com.oplus.persist.system             E  AppStats: Uid = 10296; pkgName = com.example.englishup; CpuKernelFgTime = 0 ms; CpuKernelBgTime = 0 ms.
2026-04-13 23:26:35.787  3496-6121  Battery                 com.oplus.persist.system             E  AppStats: Uid = 10296; pkgName = com.example.englishup; CpuUserFgTime = 0 ms ; CpuUserBgTime = 0 ms.
2026-04-13 23:26:35.787  3496-6121  Battery                 com.oplus.persist.system             E  AppStats: Uid = 10296; pkgName = com.example.englishup; CpuFgPower = 0.0 mAh.; CpuBgPower = 0.0 mAh.
2026-04-13 23:26:35.787  3496-6121  Battery                 com.oplus.persist.system             E  AppStats: Uid = 10296; pkgName = com.example.englishup; AlarmFgWakeupCount = 0; AlarmBgWakeupCount = 0
2026-04-13 23:26:35.787  3496-6121  Battery                 com.oplus.persist.system             E  AppStats: Uid = 10296; pkgName = com.example.englishup; JobFgCount = 0; JobBgCount = 0; JobFgTime = 0; JobBgTime = 0
2026-04-13 23:26:35.787  3496-6121  Battery                 com.oplus.persist.system             E  AppStats: Uid = 10296; pkgName = com.example.englishup; SyncFgCount = 0; SyncBgCount = 0; SyncFgTime = 0; SyncBgTime = 0
2026-04-13 23:26:35.787  3496-6121  Battery                 com.oplus.persist.system             E  AppStats: Uid = 10296; pkgName = com.example.englishup; WakeLockFgTime = 0 ms; WakeLockFgPower = 0.0 mAh.; WakeLockBgTime = 0 ms; WakeLockBgPower = 0.0 mAh.
2026-04-13 23:26:35.787  3496-6121  Battery                 com.oplus.persist.system             E  AppStats: Uid = 10296; pkgName = com.example.englishup; ScreenFgTime = 0 ms; ScreenFgPower = 0.0 mAh.
2026-04-13 23:26:35.787  3496-6121  Battery                 com.oplus.persist.system             E  AppStats: Uid = 10296; pkgName = com.example.englishup; FgWifiRxBytes = 0 Bytes; BgWifiRxBytes = 2289308 Bytes; FgWifiTxBytes = 0 Bytes; BgWifiTxBytes = 165894 Bytes; FgWifiRxPackets = 0 ; BgWifiRxPackets = 2374 ; FgWifiTxPackets = 0 ; BgWifiTxPackets = 2342 ; FgWiFiScanTimeMs = 0 ; BgWiFiScanTimeMs = 0 ; FgWiFiBatchScanTimeMs = 0 ; BgWiFiBatchScanTimeMs = 0
2026-04-13 23:26:35.788  3496-6121  Battery                 com.oplus.persist.system             E  AppStats: Uid = 10296; pkgName = com.example.englishup; FgWifiRxPacketsPower = 0.0 mAh; BgWifiRxPacketsPower = 1.1540278196334839 mAh; FgWifiTxPacketsPower = 0.0 mAh; BgWifiTxPacketsPower = 1.1384721994400024 mAh; FgWifiScanPower = 0.0 mAh; BgWifiScanPower = 0.0 mAh; FgWifiBatchScanPower = 0.0 mAh; BgWifiBatchScanPower = 0.0 mAh; FgWiFiTotalPower = 0.0 mAh; BgWiFiTotalPower = 2.2925000190734863 mAh.
2026-04-13 23:26:35.788  3496-6121  Battery                 com.oplus.persist.system             E  AppStats: Uid = 10296; pkgName = com.example.englishup; FgGpsTime = 0 ms; BgGpsTime = 0 ms.
2026-04-13 23:26:35.788  3496-6121  Battery                 com.oplus.persist.system             E  AppStats: Uid = 10296; pkgName = com.example.englishup; FgGpsPower = 0.0 mAh; BgGpsPower = 0.0 mAh.
2026-04-13 23:26:35.788  3496-6121  Battery                 com.oplus.persist.system             E  AppStats: Uid = 10296; pkgName = com.example.englishup; FgSensorTime = 0 ms; BgSensorTime = 0 ms.
2026-04-13 23:26:35.788  3496-6121  Battery                 com.oplus.persist.system             E  AppStats: Uid = 10296; pkgName = com.example.englishup; FgSensorPower = 0.0 mAh; BgSensorPower = 0.0 mAh.
2026-04-13 23:26:35.788  3496-6121  Battery                 com.oplus.persist.system             E  AppStats: Uid = 10296; pkgName = com.example.englishup; FgCameraTime = 0 ms; BgCameraTime = 0 ms
2026-04-13 23:26:35.788  3496-6121  Battery                 com.oplus.persist.system             E  AppStats: Uid = 10296; pkgName = com.example.englishup; FgCameraPower = 0.0 mAh; BgCameraPower = 0.0 mAh
2026-04-13 23:26:35.788  3496-6121  Battery                 com.oplus.persist.system             E  AppStats: Uid = 10296; pkgName = com.example.englishup; FgFlashLightTime = 0 ms; BgFlashLightTime = 0 ms
2026-04-13 23:26:35.788  3496-6121  Battery                 com.oplus.persist.system             E  AppStats: Uid = 10296; pkgName = com.example.englishup; FgFlashLightPower = 0.0 mAh; BgFlashLightPower = 0.0 mAh
2026-04-13 23:26:35.798 16057-16057 Quality                 com.example.englishup                I  Skipped: false 22 cost 370.74753 refreshRate 0 processName com.example.englishup
2026-04-13 23:26:35.927 16057-16057 Quality                 com.example.englishup                I  Skipped: false 6 cost 116.100235 refreshRate 0 processName com.example.englishup
2026-04-13 23:26:36.430 16057-16057 Quality                 com.example.englishup                I  Skipped: true 29 cost 485.41006 refreshRate 0 processName com.example.englishup
2026-04-13 23:26:36.633 16057-16057 Quality                 com.example.englishup                I  Skipped: false 9 cost 155.00053 refreshRate 0 processName com.example.englishup
2026-04-13 23:26:36.689 16057-16175 ProfileInstaller        com.example.englishup                D  Installing profile for com.example.englishup
2026-04-13 23:26:38.113 16057-16057 Quality                 com.example.englishup                I  Skipped: false 5 cost 84.67768 refreshRate 0 processName com.example.englishup
2026-04-13 23:26:38.547 16057-16057 Quality                 com.example.englishup                I  Skipped: false 1 cost 20.082476 refreshRate 0 processName com.example.englishup
2026-04-13 23:26:38.709 16057-16057 Quality                 com.example.englishup                I  Skipped: false 5 cost 98.233574 refreshRate 0 processName com.example.englishup
2026-04-13 23:26:39.945 16057-16057 Quality                 com.example.englishup                I  Skipped: false 1 cost 17.573301 refreshRate 0 processName com.example.englishup
2026-04-13 23:26:40.283 16057-16057 Quality                 com.example.englishup                I  Skipped: false 16 cost 271.9913 refreshRate 0 processName com.example.englishup
2026-04-13 23:26:40.818 16057-16057 Quality                 com.example.englishup                I  Skipped: false 1 cost 23.594973 refreshRate 0 processName com.example.englishup
2026-04-13 23:26:40.838 16057-16071 ample.englishu          com.example.englishup                I  Background concurrent copying GC freed 19MB AllocSpace bytes, 7(140KB) LOS objects, 49% free, 5316KB/10MB, paused 185us,428us total 120.768ms
2026-04-13 23:26:40.881 16057-16073 System                  com.example.englishup                W  A resource failed to call close.
2026-04-13 23:26:40.938 16057-16057 Quality                 com.example.englishup                I  Skipped: false 3 cost 60.78304 refreshRate 0 processName com.example.englishup
2026-04-13 23:26:42.298 16057-16057 ample.englishu          com.example.englishup                I  hiddenapi: Accessing hidden method Landroid/view/ViewTreeObserver;->dispatchOnScrollChanged()V (runtime_flags=0, domain=platform, api=unsupported) from Landroidx/compose/ui/platform/AndroidComposeView$Companion; (domain=app, TargetSdkVersion=36) using reflection: allowed
2026-04-13 23:26:42.399 16057-16057 Quality                 com.example.englishup                I  Skipped: false 1 cost 21.658363 refreshRate 0 processName com.example.englishup
2026-04-13 23:26:42.436 16057-16057 Quality                 com.example.englishup                I  Skipped: false 1 cost 25.722645 refreshRate 0 processName com.example.englishup
2026-04-13 23:26:42.494 16057-16057 Quality                 com.example.englishup                I  Skipped: false 1 cost 16.823116 refreshRate 0 processName com.example.englishup
2026-04-13 23:26:42.628 16057-16057 Quality                 com.example.englishup                I  Skipped: true 2 cost 33.71926 refreshRate 0 processName com.example.englishup
2026-04-13 23:26:45.416 16057-16057 Quality                 com.example.englishup                I  Skipped: false 2 cost 39.14277 refreshRate 0 processName com.example.englishup
2026-04-13 23:26:45.497 16057-16057 Quality                 com.example.englishup                I  Skipped: false 4 cost 70.35568 refreshRate 0 processName com.example.englishup
2026-04-13 23:26:46.730 16057-16057 Quality                 com.example.englishup                I  Skipped: false 1 cost 19.430872 refreshRate 0 processName com.example.englishup
2026-04-13 23:26:46.761 16057-16057 Quality                 com.example.englishup                I  Skipped: false 1 cost 16.706038 refreshRate 0 processName com.example.englishup
2026-04-13 23:26:46.910 16057-16057 Quality                 com.example.englishup                I  Skipped: false 1 cost 32.214123 refreshRate 0 processName com.example.englishup
2026-04-13 23:26:46.964 16057-16057 Quality                 com.example.englishup                I  Skipped: false 2 cost 36.735317 refreshRate 0 processName com.example.englishup
2026-04-13 23:26:47.685 16057-16057 Quality                 com.example.englishup                I  Skipped: false 2 cost 40.448696 refreshRate 0 processName com.example.englishup
2026-04-13 23:26:48.943 16057-16057 Compatibil...geReporter com.example.englishup                D  Compat change id reported: 171228096; UID 10296; state: ENABLED
2026-04-13 23:26:49.284 16057-16057 Quality                 com.example.englishup                I  Skipped: false 1 cost 22.948088 refreshRate 0 processName com.example.englishup
2026-04-13 23:26:50.667 16057-16057 Quality                 com.example.englishup                I  Skipped: false 1 cost 22.528868 refreshRate 0 processName com.example.englishup
2026-04-13 23:26:51.081 16057-16057 Quality                 com.example.englishup                I  Skipped: false 1 cost 19.722427 refreshRate 0 processName com.example.englishup
2026-04-13 23:26:51.217 16057-16057 Quality                 com.example.englishup                I  Skipped: true 3 cost 56.21459 refreshRate 0 processName com.example.englishup
2026-04-13 23:26:52.288 16057-16057 Quality                 com.example.englishup                I  Skipped: false 7 cost 126.73314 refreshRate 0 processName com.example.englishup
2026-04-13 23:26:55.829 16057-16057 Quality                 com.example.englishup                I  Skipped: false 5 cost 84.29591 refreshRate 0 processName com.example.englishup
2026-04-13 23:26:57.113 16057-16057 OplusSyste...ionGesture com.example.englishup                D  [GESTURE_BUTTON] swipe from 1
2026-04-13 23:26:57.114 16057-16057 OplusSyste...ionGesture com.example.englishup                D  [GESTURE_BUTTON] Hit Gesture Region !
2026-04-13 23:26:59.595 16057-16057 Quality                 com.example.englishup                I  Skipped: false 1 cost 17.367325 refreshRate 0 processName com.example.englishup
2026-04-13 23:26:59.689 16057-16057 Quality                 com.example.englishup                I  Skipped: false 1 cost 28.080128 refreshRate 0 processName com.example.englishup
2026-04-13 23:27:00.505 16057-16057 Quality                 com.example.englishup                I  ActivityThread: doFrame delay 815 com.example.englishup 16057
2026-04-13 23:27:00.517 16057-16057 Choreographer           com.example.englishup                I  Skipped 49 frames!  The application may be doing too much work on its main thread.
2026-04-13 23:27:00.517 16057-16057 Quality                 com.example.englishup                I  Skipped: false 49 cost 822.92365 refreshRate 0 processName com.example.englishup
2026-04-13 23:27:00.604 16057-16057 Quality                 com.example.englishup                I  Skipped: false 4 cost 76.81804 refreshRate 0 processName com.example.englishup
2026-04-13 23:27:00.732 16057-16057 Quality                 com.example.englishup                I  Skipped: false 6 cost 104.63117 refreshRate 0 processName com.example.englishup
2026-04-13 23:27:02.219 16057-16057 Quality                 com.example.englishup                I  Skipped: false 2 cost 41.360355 refreshRate 0 processName com.example.englishup
2026-04-13 23:27:02.275 16057-16057 ReadingRepository       com.example.englishup                D  getAll: Fetching from remote...
2026-04-13 23:27:02.329 16057-16523 okhttp.OkHttpClient     com.example.englishup                I  --> GET https://api.quotable.io/quotes/random?limit=10
2026-04-13 23:27:02.335 16057-16523 okhttp.OkHttpClient     com.example.englishup                I  --> END GET
2026-04-13 23:27:02.469 16057-16057 Quality                 com.example.englishup                I  Skipped: false 14 cost 242.26775 refreshRate 0 processName com.example.englishup
2026-04-13 23:27:02.562 16057-16057 Quality                 com.example.englishup                I  Skipped: true 5 cost 84.29448 refreshRate 0 processName com.example.englishup
2026-04-13 23:27:02.614 16057-16057 Quality                 com.example.englishup                I  Skipped: true 1 cost 20.104067 refreshRate 0 processName com.example.englishup
2026-04-13 23:27:03.086 16057-16057 Quality                 com.example.englishup                I  Skipped: false 7 cost 124.86783 refreshRate 0 processName com.example.englishup
2026-04-13 23:27:04.664 16057-16057 Quality                 com.example.englishup                I  Skipped: true 1 cost 18.77052 refreshRate 0 processName com.example.englishup
2026-04-13 23:27:05.581 16057-16057 Quality                 com.example.englishup                I  Skipped: true 1 cost 32.571823 refreshRate 0 processName com.example.englishup
2026-04-13 23:27:06.310 16057-16057 Quality                 com.example.englishup                I  ActivityThread: doFrame delay 729 com.example.englishup 16057
2026-04-13 23:27:06.322 16057-16057 Choreographer           com.example.englishup                I  Skipped 43 frames!  The application may be doing too much work on its main thread.
2026-04-13 23:27:06.322 16057-16057 Quality                 com.example.englishup                I  Skipped: false 43 cost 728.3068 refreshRate 0 processName com.example.englishup
2026-04-13 23:27:06.403 16057-16057 Quality                 com.example.englishup                I  Skipped: false 4 cost 75.124 refreshRate 0 processName com.example.englishup
2026-04-13 23:27:06.471 16057-16057 ReadingRepository       com.example.englishup                D  getAll: Fetched 0 items from remote
2026-04-13 23:27:06.482 16057-16057 Quality                 com.example.englishup                I  Skipped: false 3 cost 54.17947 refreshRate 0 processName com.example.englishup
2026-04-13 23:27:06.512 16057-16057 ReadingRepository       com.example.englishup                E  getAll: Error fetching from remote, falling back to local
kotlinx.coroutines.JobCancellationException: Job was cancelled; job=SupervisorJobImpl{Cancelling}@9994e06
2026-04-13 23:27:07.682 16057-16057 Quality                 com.example.englishup                I  Skipped: false 1 cost 20.866192 refreshRate 0 processName com.example.englishup
2026-04-13 23:27:07.775 16057-16057 Quality                 com.example.englishup                I  Skipped: false 1 cost 31.775915 refreshRate 0 processName com.example.englishup
2026-04-13 23:27:07.811 16057-16057 ReadingRepository       com.example.englishup                D  getAll: Fetching from remote...
2026-04-13 23:27:07.819 16057-16550 okhttp.OkHttpClient     com.example.englishup                I  --> GET https://api.quotable.io/quotes/random?limit=10
2026-04-13 23:27:07.819 16057-16550 okhttp.OkHttpClient     com.example.englishup                I  --> END GET
2026-04-13 23:27:07.843 16057-16523 okhttp.OkHttpClient     com.example.englishup                I  <-- HTTP FAILED: java.net.UnknownHostException: Unable to resolve host "api.quotable.io": No address associated with hostname
2026-04-13 23:27:07.946 16057-16057 Quality                 com.example.englishup                I  Skipped: false 10 cost 168.51616 refreshRate 0 processName com.example.englishup
2026-04-13 23:27:08.039 16057-16057 Quality                 com.example.englishup                I  Skipped: true 4 cost 78.387375 refreshRate 0 processName com.example.englishup
2026-04-13 23:27:08.062 16057-16057 Quality                 com.example.englishup                I  Skipped: true 1 cost 17.694302 refreshRate 0 processName com.example.englishup
2026-04-13 23:27:08.624 16057-16057 Quality                 com.example.englishup                I  Skipped: false 6 cost 113.53445 refreshRate 0 processName com.example.englishup
2026-04-13 23:27:08.661 16057-16550 okhttp.OkHttpClient     com.example.englishup                I  <-- HTTP FAILED: java.net.UnknownHostException: Unable to resolve host "api.quotable.io": No address associated with hostname
2026-04-13 23:27:08.662 16057-16057 ReadingRepository       com.example.englishup                D  getAll: Fetched 0 items from remote
2026-04-13 23:27:09.220 16057-16057 Quality                 com.example.englishup                I  Skipped: false 1 cost 26.113651 refreshRate 0 processName com.example.englishup
2026-04-13 23:27:09.902 16057-16057 Quality                 com.example.englishup                I  ActivityThread: doFrame delay 682 com.example.englishup 16057
2026-04-13 23:27:09.913 16057-16057 Choreographer           com.example.englishup                I  Skipped 41 frames!  The application may be doing too much work on its main thread.
2026-04-13 23:27:09.913 16057-16057 Quality                 com.example.englishup                I  Skipped: false 41 cost 685.4164 refreshRate 0 processName com.example.englishup
2026-04-13 23:27:09.991 16057-16057 Quality                 com.example.englishup                I  Skipped: false 3 cost 63.235275 refreshRate 0 processName com.example.englishup
2026-04-13 23:27:09.999 16057-16103 OpenGLRenderer          com.example.englishup                I  Davey! duration=758ms; Flags=0, FrameTimelineVsyncId=1499170, IntendedVsync=105848468955029, Vsync=105849152288335, InputEventId=0, HandleInputStart=105849154984672, AnimationStart=105849154994360, PerformTraversalsStart=105849188115141, DrawStart=105849208975610, FrameDeadline=105848485621695, FrameInterval=105849154371443, FrameStartTime=16666666, SyncQueued=105849221774828, SyncStart=105849222069047, IssueDrawCommandsStart=105849222255297, SwapBuffers=105849224072485, FrameCompleted=105849227930505, DequeueBufferDuration=24844, QueueBufferDuration=1155261, GpuCompleted=105849227930505, SwapBuffersCompleted=105849225813735, DisplayPresentTime=0,
2026-04-13 23:27:10.064 16057-16057 Quality                 com.example.englishup                I  Skipped: false 3 cost 52.646862 refreshRate 0 processName com.example.englishup
2026-04-13 23:27:10.800 16057-16057 Quality                 com.example.englishup                I  Skipped: true 2 cost 38.96623 refreshRate 0 processName com.example.englishup
2026-04-13 23:27:10.835 16057-16057 GrammarRepository       com.example.englishup                D  getAll: Fetching from remote API...
2026-04-13 23:27:10.835 16057-16057 GrammarRepository       com.example.englishup                D  getAll: Fetched 4 items from remote API
2026-04-13 23:27:11.031 16057-16057 Quality                 com.example.englishup                I  Skipped: false 13 cost 220.3919 refreshRate 0 processName com.example.englishup
2026-04-13 23:27:11.118 16057-16057 Quality                 com.example.englishup                I  Skipped: false 4 cost 73.492004 refreshRate 0 processName com.example.englishup
2026-04-13 23:27:11.466 16057-16057 Quality                 com.example.englishup                I  Skipped: true 20 cost 338.45306 refreshRate 0 processName com.example.englishup
2026-04-13 23:27:11.511 16057-16057 Quality                 com.example.englishup                I  Skipped: true 1 cost 16.702417 refreshRate 0 processName com.example.englishup
2026-04-13 23:27:11.663 16057-16057 Quality                 com.example.englishup                I  Skipped: false 6 cost 101.7206 refreshRate 0 processName com.example.englishup
2026-04-13 23:27:12.574 16057-16057 Quality                 com.example.englishup                I  Skipped: true 1 cost 29.439505 refreshRate 0 processName com.example.englishup
2026-04-13 23:27:13.177 16057-16057 Quality                 com.example.englishup                I  ActivityThread: doFrame delay 603 com.example.englishup 16057
2026-04-13 23:27:13.188 16057-16057 Choreographer           com.example.englishup                I  Skipped 36 frames!  The application may be doing too much work on its main thread.
2026-04-13 23:27:13.189 16057-16057 Quality                 com.example.englishup                I  Skipped: false 36 cost 611.0206 refreshRate 0 processName com.example.englishup
2026-04-13 23:27:13.259 16057-16057 Quality                 com.example.englishup                I  Skipped: false 3 cost 64.75605 refreshRate 0 processName com.example.englishup
2026-04-13 23:27:13.397 16057-16057 Quality                 com.example.englishup                I  Skipped: false 4 cost 69.682365 refreshRate 0 processName com.example.englishup
2026-04-13 23:27:13.763 16057-16057 Quality                 com.example.englishup                I  Skipped: false 1 cost 18.289621 refreshRate 0 processName com.example.englishup
2026-04-13 23:27:13.844 16057-16057 Quality                 com.example.englishup                I  Skipped: false 1 cost 33.04152 refreshRate 0 processName com.example.englishup
2026-04-13 23:27:13.873 16057-16057 ReadingRepository       com.example.englishup                D  getAll: Fetching from remote...
2026-04-13 23:27:13.877 16057-16550 okhttp.OkHttpClient     com.example.englishup                I  --> GET https://api.quotable.io/quotes/random?limit=10
2026-04-13 23:27:13.877 16057-16550 okhttp.OkHttpClient     com.example.englishup                I  --> END GET
2026-04-13 23:27:13.947 16057-16550 okhttp.OkHttpClient     com.example.englishup                I  <-- HTTP FAILED: java.net.UnknownHostException: Unable to resolve host "api.quotable.io": No address associated with hostname
2026-04-13 23:27:13.992 16057-16057 Quality                 com.example.englishup                I  Skipped: false 7 cost 130.9575 refreshRate 0 processName com.example.englishup
2026-04-13 23:27:14.060 16057-16057 ReadingRepository       com.example.englishup                D  getAll: Fetched 0 items from remote
2026-04-13 23:27:14.069 16057-16057 Quality                 com.example.englishup                I  Skipped: true 4 cost 74.9324 refreshRate 0 processName com.example.englishup
2026-04-13 23:27:14.268 16057-16057 Quality                 com.example.englishup                I  Skipped: true 1 cost 23.557896 refreshRate 0 processName com.example.englishup
2026-04-13 23:27:14.655 16057-16057 Quality                 com.example.englishup                I  Skipped: false 4 cost 77.09633 refreshRate 0 processName com.example.englishup
2026-04-13 23:27:15.835 16057-16057 Quality                 com.example.englishup                I  ActivityThread: doFrame delay 591 com.example.englishup 16057
2026-04-13 23:27:15.845 16057-16057 Choreographer           com.example.englishup                I  Skipped 35 frames!  The application may be doing too much work on its main thread.
2026-04-13 23:27:15.845 16057-16057 Quality                 com.example.englishup                I  Skipped: false 35 cost 583.88965 refreshRate 0 processName com.example.englishup
2026-04-13 23:27:15.914 16057-16057 Quality                 com.example.englishup                I  Skipped: false 3 cost 53.554947 refreshRate 0 processName com.example.englishup
2026-04-13 23:27:16.026 16057-16057 Quality                 com.example.englishup                I  Skipped: false 2 cost 48.72144 refreshRate 0 processName com.example.englishup
2026-04-13 23:27:16.493 16057-16057 Quality                 com.example.englishup                I  Skipped: true 1 cost 32.666664 refreshRate 0 processName com.example.englishup
2026-04-13 23:27:16.544 16057-16057 ListeningRepository     com.example.englishup                D  getAll: Fetching from remote...
2026-04-13 23:27:16.565 16057-16550 okhttp.OkHttpClient     com.example.englishup                I  --> GET https://api.dictionaryapi.dev/api/v2/entries/en/hello
2026-04-13 23:27:16.565 16057-16550 okhttp.OkHttpClient     com.example.englishup                I  --> END GET
2026-04-13 23:27:16.687 16057-16057 Quality                 com.example.englishup                I  Skipped: false 10 cost 175.96521 refreshRate 0 processName com.example.englishup
2026-04-13 23:27:16.765 16057-16057 Quality                 com.example.englishup                I  Skipped: true 4 cost 70.71378 refreshRate 0 processName com.example.englishup
2026-04-13 23:27:16.833 16057-16057 Quality                 com.example.englishup                I  Skipped: true 1 cost 22.380917 refreshRate 0 processName com.example.englishup
2026-04-13 23:27:16.862 16057-16057 Quality                 com.example.englishup                I  Skipped: true 1 cost 18.070349 refreshRate 0 processName com.example.englishup
2026-04-13 23:27:16.914 16057-16057 Quality                 com.example.englishup                I  Skipped: true 1 cost 19.787428 refreshRate 0 processName com.example.englishup
2026-04-13 23:27:17.284 16057-16550 okhttp.OkHttpClient     com.example.englishup                I  <-- 200 https://api.dictionaryapi.dev/api/v2/entries/en/hello (718ms)
2026-04-13 23:27:17.285 16057-16550 okhttp.OkHttpClient     com.example.englishup                I  date: Mon, 13 Apr 2026 16:27:17 GMT
2026-04-13 23:27:17.285 16057-16550 okhttp.OkHttpClient     com.example.englishup                I  content-type: application/json; charset=utf-8
2026-04-13 23:27:17.285 16057-16550 okhttp.OkHttpClient     com.example.englishup                I  server: cloudflare
2026-04-13 23:27:17.285 16057-16550 okhttp.OkHttpClient     com.example.englishup                I  nel: {"report_to":"cf-nel","success_fraction":0.0,"max_age":604800}
2026-04-13 23:27:17.286 16057-16550 okhttp.OkHttpClient     com.example.englishup                I  x-powered-by: Express
2026-04-13 23:27:17.286 16057-16550 okhttp.OkHttpClient     com.example.englishup                I  access-control-allow-origin: *
2026-04-13 23:27:17.286 16057-16550 okhttp.OkHttpClient     com.example.englishup                I  x-ratelimit-limit: 450
2026-04-13 23:27:17.286 16057-16550 okhttp.OkHttpClient     com.example.englishup                I  x-ratelimit-remaining: 449
2026-04-13 23:27:17.286 16057-16550 okhttp.OkHttpClient     com.example.englishup                I  x-ratelimit-reset: 1761379273
2026-04-13 23:27:17.286 16057-16550 okhttp.OkHttpClient     com.example.englishup                I  etag: W/"7d7-AsMfdIELzoWWA6vv1HBPg2dLoi8"
2026-04-13 23:27:17.287 16057-16550 okhttp.OkHttpClient     com.example.englishup                I  vary: Accept-Encoding
2026-04-13 23:27:17.287 16057-16550 okhttp.OkHttpClient     com.example.englishup                I  age: 1703947
2026-04-13 23:27:17.287 16057-16550 okhttp.OkHttpClient     com.example.englishup                I  cache-control: max-age=14400
2026-04-13 23:27:17.287 16057-16550 okhttp.OkHttpClient     com.example.englishup                I  cf-cache-status: HIT
2026-04-13 23:27:17.287 16057-16550 okhttp.OkHttpClient     com.example.englishup                I  server-timing: cfCacheStatus;desc="HIT"
2026-04-13 23:27:17.287 16057-16550 okhttp.OkHttpClient     com.example.englishup                I  server-timing: cfEdge;dur=8,cfOrigin;dur=0
