2026-04-03 16:52:52.445   824-824   oplus.andr...actoryImpl com.example.englishup                I  Unknow feature:IOplusTextViewRTLUtilForUG
2026-04-03 16:52:52.466   824-824   ample.englishu          com.example.englishup                E  Invalid ID 0x00000000.
2026-04-03 16:52:52.482  3573-3732  AuthDialogHelper        com.oplus.persist.system             E  CheckNotificationCanBeSetSecond: check com.example.englishup , Notification master switch on, unable to pop dialog
2026-04-03 16:52:52.547   824-824   Quality                 com.example.englishup                I  ActivityThread: activityStart delay 187 com.example.englishup 824
2026-04-03 16:52:52.557   824-824   OplusInputMethodUtil    com.example.englishup                D  init DEBUG to false, update DEBUG_IME to false
2026-04-03 16:52:52.557   824-824   OplusInputMethodUtil    com.example.englishup                D  init DEBUG to false, update DEBUG_IME to false
2026-04-03 16:52:52.567   824-824   OplusSlideAnimOptHelper com.example.englishup                D  com.example.englishup scrollEffectOpt enable = false
2026-04-03 16:52:52.581   824-824   WindowManager           com.example.englishup                D  Add to mViews: DecorView@cc09b4[MainActivity],pkg= com.example.englishup
2026-04-03 16:52:52.591   824-855   ExtensionsLoader        com.example.englishup                D  createInstance(64bit) : createExtendedFactory
2026-04-03 16:52:52.595   824-855   ExtensionsLoader        com.example.englishup                D  Opened libhwuiextimpl.so
2026-04-03 16:52:52.595   824-824   ExtensionsLoader        com.example.englishup                D  createInstance(64bit) : createExtendedFactory
2026-04-03 16:52:52.596   824-824   ExtensionsLoader        com.example.englishup                D  Opened libSchedAssistExtImpl.so
2026-04-03 16:52:52.596   824-824   ample.englishu          com.example.englishup                E  ofbOpen failed with error=No such file or directory
2026-04-03 16:52:52.596   824-824   ample.englishu          com.example.englishup                E  sysOpen failed with error=No such file or directory
2026-04-03 16:52:52.617   824-824   Quality                 com.example.englishup                I  ActivityThread: activityResume delay 64 com.example.englishup 824
2026-04-03 16:52:52.621   824-824   Quality                 com.example.englishup                I  Skipped: false 16 cost 279.4933 refreshRate 0 processName com.example.englishup
2026-04-03 16:52:52.625   824-824   nativeloader            com.example.englishup                D  Load libSchedAssistJni.so using system ns (caller=/system/framework/oplus-framework.jar): ok
2026-04-03 16:52:52.625   824-824   ExtensionsLoader        com.example.englishup                D  createInstance(64bit) : createExtendedFactory
2026-04-03 16:52:52.625   824-824   ExtensionsLoader        com.example.englishup                D  Opened libSchedAssistExtImpl.so
2026-04-03 16:52:52.792   824-824   ample.englishu          com.example.englishup                I  hiddenapi: Accessing hidden method Landroid/os/SystemProperties;->addChangeCallback(Ljava/lang/Runnable;)V (runtime_flags=0, domain=platform, api=unsupported) from Landroidx/compose/ui/platform/AndroidComposeView$Companion; (domain=app, TargetSdkVersion=36) using reflection: allowed
2026-04-03 16:52:52.818   824-824   Vibrator                com.example.englishup                D  SystemVibrator Created
2026-04-03 16:52:53.603   824-824   VocabularyViewModel     com.example.englishup                D  loadData: Start loading vocabulary for date: 2026-04-03
2026-04-03 16:52:54.149   824-850   Quality                 com.example.englishup                I  stackInfo :----- pid 824 at 2026-04-03 16:52:54.122 -----;Cmd line: com.example.englishup;"main" prio=5 tid=2 RUNNABLE sysTid=824;  at kotlin.jvm.internal.Intrinsics.compare(Intrinsics.java:161);  at androidx.compose.runtime.snapshots.SnapshotIdSet.get(SnapshotIdSet.kt:317);  at androidx.compose.runtime.snapshots.SnapshotKt.validateOpen(Snapshot.kt:2005);  at androidx.compose.runtime.snapshots.SnapshotKt.access$validateOpen(Snapshot.kt:1);  at androidx.compose.runtime.snapshots.MutableSnapshot.apply(Snapshot.kt:832);  at androidx.compose.runtime.Recomposer.applyAndCheck(Recomposer.kt:1524);  at androidx.compose.runtime.Recomposer.composeInitial$runtime(Recomposer.kt:2012);  at androidx.compose.runtime.ComposerImpl$CompositionContextImpl.composeInitial$runtime(Composer.kt:4186);  at androidx.compose.runtime.ComposerImpl$CompositionContextImpl.composeInitial$runtime(Composer.kt:4186);  at androidx.compose.runtime.CompositionImpl.composeInitial(Composition.kt:672);  at androidx.compose.runtime.CompositionImpl.setContent(Composition.kt:639);  at androidx.compose.ui.layout.LayoutNodeSubcompositionsState.subcompose(SubcomposeLayout.kt:698);  at androidx.compose.ui.layout.LayoutNodeSubcompositionsState.subcompose(SubcomposeLayout.kt:641);  at androidx.compose.ui.layout.LayoutNodeSubcompositionsState.subcompose(SubcomposeLayout.kt:607);  at androidx.compose.ui.layout.LayoutNodeSubcompositionsState$Scope.subcompose(SubcomposeLayout.kt:1231);  at androidx.compose.foundation.lazy.layout.LazyLayoutMeasureScopeImpl.compose(LazyLayoutMeasureScope.kt:94);  at androidx.compose.foundation.lazy.layout.LazyLayoutMeasuredItemProvider.getPlaceables-3p2s80s(LazyLayoutMeasuredItem.kt:60);  at androidx.compose.foundation.lazy.LazyListMeasuredItemProvider.getAndMeasure-0kLqBqw(LazyListMeasuredItemProvider.kt:53);  at androidx.compose.foundation.lazy.LazyListMeasuredItemProvider.getAndMeasure-0kLqBqw$default(LazyListMeasuredItemProvider.kt:47);  at androidx.compose.foundation.lazy.LazyListMeasureKt.measureLazyList-LCrQqZ4(LazyListMeasure.kt:224);  at androidx.compose.foundation.lazy.LazyListKt$rememberLazyListMeasurePolicy$1$1.measure-0kLqBqw(LazyList.kt:354);  at androidx.compose.foundation.lazy.layout.LazyLayoutKt$LazyLayout$2.invoke$lambda$8$lambda$7(LazyLayout.kt:141);  at androidx.compose.foundation.lazy.layout.LazyLayoutKt$LazyLayout$2$$ExternalSyntheticLambda2.invoke(D8$$SyntheticClass:0);  at androidx.compose.ui.layout.LayoutNodeSubcompositionsState$createMeasurePolicy$1.measure-3p2s80s(SubcomposeLayout.kt:914);  at androidx.compose.ui.node.InnerNodeCoordinator.measure-BRTryo0(InnerNodeCoordinator.kt:128);  at androidx.compose.ui.graphics.SimpleGraphicsLayerModifier.measure-3p2s80s(GraphicsLayerModifier.kt:794);  at androidx.compose.ui.node.LayoutModifierNodeCoordinator.measure-BRTryo0(LayoutModifierNodeCoordinator.kt:190);  at androidx.compose.foundation.lazy.layout.LazyLayoutBeyondBoundsModifierNode.measure-3p2s80s(LazyLayoutBeyondBoundsModifierLocal.kt:118);  at androidx.compose.ui.node.LayoutModifierNodeCoordinator.measure-BRTryo0(LayoutModifierNodeCoordinator.kt:190);  at androidx.compose.foundation.layout.FillNode.measure-3p2s80s(Size.kt:721);
2026-04-03 16:52:54.380   824-824   ExtensionsLoader        com.example.englishup                D  createInstance(64bit) : createExtendedFactory
2026-04-03 16:52:54.382   824-824   ExtensionsLoader        com.example.englishup                D  Opened libSchedAssistExtImpl.so
2026-04-03 16:52:54.389   824-824   OplusZoomW...ViewHelper com.example.englishup                V  setLastReportedMergedConfiguration mZoomDisplayHeight: 1600 getDecorView.13371828
2026-04-03 16:52:54.398   824-855   AdrenoGLES-0            com.example.englishup                I  QUALCOMM build                   : 704ecd9a2b, Ib3f3e69395
Build Date                       : 12/29/20
OpenGL ES Shader Compiler Version: EV031.32.02.06
Local Branch                     :
Remote Branch                    :
Remote Branch                    :
Reconstruct Branch               :
2026-04-03 16:52:54.398   824-855   AdrenoGLES-0            com.example.englishup                I  Build Config                     : S P 10.0.7 AArch64
2026-04-03 16:52:54.398   824-855   AdrenoGLES-0            com.example.englishup                I  Driver Path                      : /vendor/lib64/egl/libGLESv2_adreno.so
2026-04-03 16:52:54.476   824-855   AdrenoGLES-0            com.example.englishup                I  PFP: 0x016ee190, ME: 0x00000000
2026-04-03 16:52:54.525   824-855   hw-ProcessState         com.example.englishup                D  Binder ioctl to enable oneway spam detection failed: Invalid argument
2026-04-03 16:52:54.526   824-855   Quality                 com.example.englishup                I  ActivityThread: setSurface delay 134  0
2026-04-03 16:52:54.906   824-847   SurfaceComposerClient   com.example.englishup                D  VRR [FRTC] client handle [bufferId:18446744073709551615 framenumber:0] [ffffffff, ffffffff]
2026-04-03 16:52:54.913   824-846   OpenGLRenderer          com.example.englishup                I  Davey! duration=2563ms; Flags=1, FrameTimelineVsyncId=24141174, IntendedVsync=502580996043082, Vsync=502581262709738, InputEventId=0, HandleInputStart=502581280199476, AnimationStart=502581280223851, PerformTraversalsStart=502581280926351, DrawStart=502583357217027, FrameDeadline=502581012709748, FrameInterval=502581275536351, FrameStartTime=16666666, SyncQueued=502583512476610, SyncStart=502583512664371, IssueDrawCommandsStart=502583514698642, SwapBuffers=502583556879579, FrameCompleted=502583560187496, DequeueBufferDuration=31875, QueueBufferDuration=1767656, GpuCompleted=502583560187496, SwapBuffersCompleted=502583560187496, DisplayPresentTime=35197257359979,
2026-04-03 16:52:54.916   824-824   ANR_LOG                 com.example.englishup                E  >>> msg's executing time is too long
2026-04-03 16:52:54.916   824-824   ANR_LOG                 com.example.englishup                E  Blocked msg = { when=-2s574ms what=0 target=android.view.Choreographer$FrameHandler callback=android.view.Choreographer$FrameDisplayEventReceiver } , cost  = 2295 ms
2026-04-03 16:52:54.916   824-824   ANR_LOG                 com.example.englishup                E  >>>Current msg List is:
2026-04-03 16:52:54.916   824-824   ANR_LOG                 com.example.englishup                E  Current msg <1> = { when=-5d19h36m23s570ms what=0 target=android.view.ViewRootImpl$ViewRootHandler callback=android.view.ViewRootImpl$$ExternalSyntheticLambda13 }
2026-04-03 16:52:54.917   824-824   ANR_LOG                 com.example.englishup                E  Current msg <2> = { when=-2s471ms what=149 target=android.app.ActivityThread$H obj=android.os.BinderProxy@2a00aeb }
2026-04-03 16:52:54.917   824-824   ANR_LOG                 com.example.englishup                E  Current msg <3> = { when=-2s348ms what=0 target=android.view.ViewRootImpl$ViewRootHandler callback=android.view.ViewRootImpl$4 }
2026-04-03 16:52:54.917   824-824   ANR_LOG                 com.example.englishup                E  Current msg <4> = { when=-2s241ms what=0 target=android.os.Handler callback=kotlinx.coroutines.internal.DispatchedContinuation }
2026-04-03 16:52:54.918   824-824   ANR_LOG                 com.example.englishup                E  Current msg <5> = { when=-2s236ms what=0 target=android.os.Handler callback=androidx.compose.ui.platform.AndroidUiDispatcher$dispatchCallback$1 }
2026-04-03 16:52:54.918   824-824   ANR_LOG                 com.example.englishup                E  Current msg <6> = { when=-1s992ms barrier=1 }
2026-04-03 16:52:54.918   824-824   ANR_LOG                 com.example.englishup                E  Current msg <7> = { when=-1s913ms what=0 target=android.app.ActivityThread$H callback=android.app.ActivityThread$$ExternalSyntheticLambda1 }
2026-04-03 16:52:54.918   824-824   ANR_LOG                 com.example.englishup                E  Current msg <8> = { when=-1s862ms what=0 target=android.os.Handler callback=androidx.emoji2.text.EmojiCompatInitializer$LoadEmojiCompatRunnable }
2026-04-03 16:52:54.918   824-824   ANR_LOG                 com.example.englishup                E  Current msg <9> = { when=-1s143ms what=0 target=android.os.Handler callback=kotlinx.coroutines.internal.DispatchedContinuation }
2026-04-03 16:52:54.919   824-824   ANR_LOG                 com.example.englishup                E  Current msg <10> = { when=-1s142ms what=0 target=android.os.Handler callback=kotlinx.coroutines.internal.DispatchedContinuation }
2026-04-03 16:52:54.919   824-824   ANR_LOG                 com.example.englishup                E  >>>CURRENT MSG DUMP OVER<<<
2026-04-03 16:52:54.919   824-824   Quality                 com.example.englishup                I  ActivityThread: doFrame delay 2298 com.example.englishup 824
2026-04-03 16:52:54.921   824-849   Quality                 com.example.englishup                I  Blocked msg = Package name: com.example.englishup [ schedGroup: 5 schedPolicy: 0 ] process the message: { when=-2s577ms what=0 target=android.view.Choreographer$FrameHandler callback=android.view.Choreographer$FrameDisplayEventReceiver } took 2298 ms
2026-04-03 16:52:54.982   824-824   Choreographer           com.example.englishup                I  Skipped 137 frames!  The application may be doing too much work on its main thread.
2026-04-03 16:52:54.983   824-824   Quality                 com.example.englishup                I  Skipped: false 137 cost 2290.636 refreshRate 0 processName com.example.englishup
2026-04-03 16:52:55.126   824-846   OpenGLRenderer          com.example.englishup                I  Davey! duration=2407ms; Flags=0, FrameTimelineVsyncId=24141224, IntendedVsync=502581346092575, Vsync=502583629425817, InputEventId=0, HandleInputStart=502583637426142, AnimationStart=502583637442652, PerformTraversalsStart=502583726728381, DrawStart=502583741529840, FrameDeadline=502581379425907, FrameInterval=502583636728642, FrameStartTime=16666666, SyncQueued=502583746644944, SyncStart=502583746806558, IssueDrawCommandsStart=502583746991402, SwapBuffers=502583749683277, FrameCompleted=502583753591975, DequeueBufferDuration=41094, QueueBufferDuration=1460104, GpuCompleted=502583753591975, SwapBuffersCompleted=502583751869527, DisplayPresentTime=35192962419944,
2026-04-03 16:52:55.172   824-824   Quality                 com.example.englishup                I  Skipped: true 10 cost 180.63301 refreshRate 0 processName com.example.englishup
2026-04-03 16:52:55.188   824-824   VocabularyRepository    com.example.englishup                D  getAllFlow: Fetched 0 items from local database
2026-04-03 16:52:55.189   824-824   VocabularyViewModel     com.example.englishup                D  loadData: Received 0 total words and 0 due words
2026-04-03 16:52:55.342   824-824   Quality                 com.example.englishup                I  Skipped: true 7 cost 116.74296 refreshRate 0 processName com.example.englishup
2026-04-03 16:52:55.389  3573-7736  QualityProtectUtils     com.oplus.persist.system             E  processName:com.example.englishuppid:824
2026-04-03 16:52:55.433   824-824   Quality                 com.example.englishup                I  Skipped: false 4 cost 74.107124 refreshRate 0 processName com.example.englishup
2026-04-03 16:52:56.239   824-824   Quality                 com.example.englishup                I  Skipped: false 11 cost 196.9147 refreshRate 0 processName com.example.englishup
2026-04-03 16:52:57.068  3573-6134  Battery                 com.oplus.persist.system             E  AppStats: Uid = 10294; pkgName = com.example.englishup; CpuFgTime = 0 ms; CpuBgTime = 9 ms.
2026-04-03 16:52:57.068  3573-6134  Battery                 com.oplus.persist.system             E  AppStats: Uid = 10294; pkgName = com.example.englishup; CpuKernelFgTime = 0 ms; CpuKernelBgTime = 9 ms.
2026-04-03 16:52:57.068  3573-6134  Battery                 com.oplus.persist.system             E  AppStats: Uid = 10294; pkgName = com.example.englishup; CpuUserFgTime = 0 ms ; CpuUserBgTime = 0 ms.
2026-04-03 16:52:57.068  3573-6134  Battery                 com.oplus.persist.system             E  AppStats: Uid = 10294; pkgName = com.example.englishup; CpuFgPower = 0.0 mAh.; CpuBgPower = 4.9E-4 mAh.
2026-04-03 16:52:57.068  3573-6134  Battery                 com.oplus.persist.system             E  AppStats: Uid = 10294; pkgName = com.example.englishup; AlarmFgWakeupCount = 0; AlarmBgWakeupCount = 0
2026-04-03 16:52:57.068  3573-6134  Battery                 com.oplus.persist.system             E  AppStats: Uid = 10294; pkgName = com.example.englishup; JobFgCount = 0; JobBgCount = 0; JobFgTime = 0; JobBgTime = 0
2026-04-03 16:52:57.068  3573-6134  Battery                 com.oplus.persist.system             E  AppStats: Uid = 10294; pkgName = com.example.englishup; SyncFgCount = 0; SyncBgCount = 0; SyncFgTime = 0; SyncBgTime = 0
2026-04-03 16:52:57.068  3573-6134  Battery                 com.oplus.persist.system             E  AppStats: Uid = 10294; pkgName = com.example.englishup; WakeLockFgTime = 0 ms; WakeLockFgPower = 0.0 mAh.; WakeLockBgTime = 0 ms; WakeLockBgPower = 0.0 mAh.
2026-04-03 16:52:57.076  3573-6134  Battery                 com.oplus.persist.system             E  AppStats: Uid = 10294; pkgName = com.example.englishup; ScreenFgTime = 9581003 ms; ScreenFgPower = 308.72120777777775 mAh.
2026-04-03 16:52:57.076  3573-6134  Battery                 com.oplus.persist.system             E  AppStats: Uid = 10294; pkgName = com.example.englishup; FgWifiRxBytes = 58483235 Bytes; BgWifiRxBytes = 3347683 Bytes; FgWifiTxBytes = 875179 Bytes; BgWifiTxBytes = 92163 Bytes; FgWifiRxPackets = 39330 ; BgWifiRxPackets = 2496 ; FgWifiTxPackets = 16255 ; BgWifiTxPackets = 1416 ; FgWiFiScanTimeMs = 0 ; BgWiFiScanTimeMs = 0 ; FgWiFiBatchScanTimeMs = 0 ; BgWiFiBatchScanTimeMs = 0
2026-04-03 16:52:57.076  3573-6134  Battery                 com.oplus.persist.system             E  AppStats: Uid = 10294; pkgName = com.example.englishup; FgWifiRxPacketsPower = 0.1529500037431717 mAh; BgWifiRxPacketsPower = 0.12133333832025528 mAh; FgWifiTxPacketsPower = 0.06321388483047485 mAh; BgWifiTxPacketsPower = 0.06883333623409271 mAh; FgWifiScanPower = 0.0 mAh; BgWifiScanPower = 0.0 mAh; FgWifiBatchScanPower = 0.0 mAh; BgWifiBatchScanPower = 0.0 mAh; FgWiFiTotalPower = 0.21616388857364655 mAh; BgWiFiTotalPower = 0.190166674554348 mAh.
2026-04-03 16:52:57.076  3573-6134  Battery                 com.oplus.persist.system             E  AppStats: Uid = 10294; pkgName = com.example.englishup; FgGpsTime = 0 ms; BgGpsTime = 0 ms.
2026-04-03 16:52:57.076  3573-6134  Battery                 com.oplus.persist.system             E  AppStats: Uid = 10294; pkgName = com.example.englishup; FgGpsPower = 0.0 mAh; BgGpsPower = 0.0 mAh.
2026-04-03 16:52:57.076  3573-6134  Battery                 com.oplus.persist.system             E  AppStats: Uid = 10294; pkgName = com.example.englishup; FgSensorTime = 0 ms; BgSensorTime = 0 ms.
2026-04-03 16:52:57.076  3573-6134  Battery                 com.oplus.persist.system             E  AppStats: Uid = 10294; pkgName = com.example.englishup; FgSensorPower = 0.0 mAh; BgSensorPower = 0.0 mAh.
2026-04-03 16:52:57.076  3573-6134  Battery                 com.oplus.persist.system             E  AppStats: Uid = 10294; pkgName = com.example.englishup; FgCameraTime = 0 ms; BgCameraTime = 0 ms
2026-04-03 16:52:57.076  3573-6134  Battery                 com.oplus.persist.system             E  AppStats: Uid = 10294; pkgName = com.example.englishup; FgCameraPower = 0.0 mAh; BgCameraPower = 0.0 mAh
2026-04-03 16:52:57.076  3573-6134  Battery                 com.oplus.persist.system             E  AppStats: Uid = 10294; pkgName = com.example.englishup; FgFlashLightTime = 0 ms; BgFlashLightTime = 0 ms
2026-04-03 16:52:57.076  3573-6134  Battery                 com.oplus.persist.system             E  AppStats: Uid = 10294; pkgName = com.example.englishup; FgFlashLightPower = 0.0 mAh; BgFlashLightPower = 0.0 mAh
2026-04-03 16:52:58.196   824-935   ProfileInstaller        com.example.englishup                D  Installing profile for com.example.englishup
2026-04-03 16:53:16.958   824-824   Quality                 com.example.englishup                I  Skipped: false 4 cost 66.68474 refreshRate 0 processName com.example.englishup
2026-04-03 16:53:16.985   824-841   System                  com.example.englishup                W  A resource failed to call close.
2026-04-03 16:53:17.046   824-824   Quality                 com.example.englishup                I  Skipped: false 2 cost 37.156647 refreshRate 0 processName com.example.englishup
2026-04-03 16:53:17.108   824-824   VocabularyViewModel     com.example.englishup                D  loadData: Start loading vocabulary for date: 2026-04-03
2026-04-03 16:53:17.472   824-824   Quality                 com.example.englishup                I  Skipped: false 24 cost 413.66238 refreshRate 0 processName com.example.englishup
2026-04-03 16:53:17.588   824-824   VocabularyRepository    com.example.englishup                D  getAllFlow: Fetched 0 items from local database
2026-04-03 16:53:17.589   824-824   VocabularyViewModel     com.example.englishup                D  loadData: Received 0 total words and 0 due words
2026-04-03 16:53:17.606   824-824   Quality                 com.example.englishup                I  Skipped: false 7 cost 130.28618 refreshRate 0 processName com.example.englishup
2026-04-03 16:53:17.692   824-824   Quality                 com.example.englishup                I  Skipped: true 5 cost 83.79548 refreshRate 0 processName com.example.englishup
2026-04-03 16:53:17.923   824-824   Quality                 com.example.englishup                I  Skipped: false 7 cost 131.39076 refreshRate 0 processName com.example.englishup
2026-04-03 16:53:19.931   824-824   Quality                 com.example.englishup                I  Skipped: false 1 cost 21.550684 refreshRate 0 processName com.example.englishup
2026-04-03 16:53:20.032   824-824   Quality                 com.example.englishup                I  Skipped: false 2 cost 39.41135 refreshRate 0 processName com.example.englishup
2026-04-03 16:53:27.834   824-824   Quality                 com.example.englishup                I  Skipped: false 1 cost 25.207516 refreshRate 0 processName com.example.englishup
2026-04-03 16:53:28.356   824-824   Quality                 com.example.englishup                I  Skipped: false 1 cost 30.368628 refreshRate 0 processName com.example.englishup
2026-04-03 16:53:28.772   824-824   Quality                 com.example.englishup                I  Skipped: false 1 cost 29.976284 refreshRate 0 processName com.example.englishup
2026-04-03 16:53:29.165   824-824   Quality                 com.example.englishup                I  Skipped: false 1 cost 23.082558 refreshRate 0 processName com.example.englishup
2026-04-03 16:53:31.779   824-824   Quality                 com.example.englishup                I  Skipped: false 1 cost 19.344929 refreshRate 0 processName com.example.englishup
2026-04-03 16:53:32.507   824-824   Quality                 com.example.englishup                I  ActivityThread: doFrame delay 667 com.example.englishup 824
2026-04-03 16:53:32.521   824-824   Choreographer           com.example.englishup                I  Skipped 40 frames!  The application may be doing too much work on its main thread.
2026-04-03 16:53:32.521   824-824   Quality                 com.example.englishup                I  Skipped: false 40 cost 678.3889 refreshRate 0 processName com.example.englishup
2026-04-03 16:53:32.617   824-824   Quality                 com.example.englishup                I  Skipped: false 5 cost 91.26056 refreshRate 0 processName com.example.englishup
2026-04-03 16:53:32.777   824-824   Quality                 com.example.englishup                I  Skipped: false 7 cost 118.26043 refreshRate 0 processName com.example.englishup
2026-04-03 16:53:34.090   824-824   Quality                 com.example.englishup                I  Skipped: true 1 cost 31.765127 refreshRate 0 processName com.example.englishup
2026-04-03 16:53:34.139   824-824   GrammarRepository       com.example.englishup                D  getAll: Fetching from remote API...
2026-04-03 16:53:34.139   824-824   GrammarRepository       com.example.englishup                D  getAll: Fetched 3 items from remote API
2026-04-03 16:53:34.408   824-824   Quality                 com.example.englishup                I  Skipped: false 18 cost 315.6887 refreshRate 0 processName com.example.englishup
2026-04-03 16:53:34.533   824-824   Quality                 com.example.englishup                I  Skipped: false 6 cost 107.92091 refreshRate 0 processName com.example.englishup
2026-04-03 16:53:34.823   824-824   Quality                 com.example.englishup                I  Skipped: false 16 cost 281.07547 refreshRate 0 processName com.example.englishup
2026-04-03 16:53:34.858   824-824   Quality                 com.example.englishup                I  Skipped: true 1 cost 32.390053 refreshRate 0 processName com.example.englishup
2026-04-03 16:53:35.005   824-824   Quality                 com.example.englishup                I  Skipped: false 6 cost 113.04434 refreshRate 0 processName com.example.englishup
2026-04-03 16:53:45.914   824-824   Quality                 com.example.englishup                I  Skipped: false 1 cost 22.306011 refreshRate 0 processName com.example.englishup
2026-04-03 16:53:48.710   824-824   Quality                 com.example.englishup                I  Skipped: true 1 cost 18.372232 refreshRate 0 processName com.example.englishup
2026-04-03 16:53:54.493   824-824   Quality                 com.example.englishup                I  Skipped: true 1 cost 17.671495 refreshRate 0 processName com.example.englishup
2026-04-03 16:53:56.965   824-824   Quality                 com.example.englishup                I  Skipped: false 1 cost 22.502144 refreshRate 0 processName com.example.englishup
2026-04-03 16:54:03.112   824-824   OplusSyste...ionGesture com.example.englishup                D  [GESTURE_BUTTON] swipe from 0
2026-04-03 16:54:03.112   824-824   OplusSyste...ionGesture com.example.englishup                D  [GESTURE_BUTTON] Hit Gesture Region !
2026-04-03 16:54:03.342   824-824   Quality                 com.example.englishup                I  Skipped: true 1 cost 16.77189 refreshRate 0 processName com.example.englishup
2026-04-03 16:54:03.912   824-824   Quality                 com.example.englishup                I  ActivityThread: doFrame delay 570 com.example.englishup 824
2026-04-03 16:54:03.914   824-824   OplusSyste...ionGesture com.example.englishup                D  [GESTURE_BUTTON] swipe from 0
2026-04-03 16:54:03.914   824-824   OplusSyste...ionGesture com.example.englishup                D  [GESTURE_BUTTON] Hit Gesture Region !
2026-04-03 16:54:03.940   824-824   OplusSyste...ionGesture com.example.englishup                D  [GESTURE_BUTTON] swipe from 0
2026-04-03 16:54:03.940   824-824   OplusSyste...ionGesture com.example.englishup                D  [GESTURE_BUTTON] Hit Gesture Region !
2026-04-03 16:54:03.953   824-824   OplusSyste...ionGesture com.example.englishup                D  [GESTURE_BUTTON] swipe from 0
2026-04-03 16:54:03.953   824-824   OplusSyste...ionGesture com.example.englishup                D  [GESTURE_BUTTON] Hit Gesture Region !
2026-04-03 16:54:03.966   824-824   OplusSyste...ionGesture com.example.englishup                D  [GESTURE_BUTTON] swipe from 0
2026-04-03 16:54:03.967   824-824   OplusSyste...ionGesture com.example.englishup                D  [GESTURE_BUTTON] Hit Gesture Region !
2026-04-03 16:54:03.980   824-824   OplusSyste...ionGesture com.example.englishup                D  [GESTURE_BUTTON] swipe from 0
2026-04-03 16:54:03.980   824-824   OplusSyste...ionGesture com.example.englishup                D  [GESTURE_BUTTON] Hit Gesture Region !
2026-04-03 16:54:03.993   824-824   OplusSyste...ionGesture com.example.englishup                D  [GESTURE_BUTTON] swipe from 0
2026-04-03 16:54:03.993   824-824   OplusSyste...ionGesture com.example.englishup                D  [GESTURE_BUTTON] Hit Gesture Region !
2026-04-03 16:54:04.018   824-824   Choreographer           com.example.englishup                I  Skipped 39 frames!  The application may be doing too much work on its main thread.
2026-04-03 16:54:04.019   824-824   Quality                 com.example.englishup                I  Skipped: false 39 cost 660.0871 refreshRate 0 processName com.example.englishup
2026-04-03 16:54:04.088   824-824   Quality                 com.example.englishup                I  Skipped: false 3 cost 63.012135 refreshRate 0 processName com.example.englishup
2026-04-03 16:54:04.096   824-1681  OpenGLRenderer          com.example.englishup                I  Davey! duration=733ms; Flags=0, FrameTimelineVsyncId=24147015, IntendedVsync=502652012792890, Vsync=502652662792864, InputEventId=72698358, HandleInputStart=502652673305595, AnimationStart=502652673316011, PerformTraversalsStart=502652710127313, DrawStart=502652723477365, FrameDeadline=502652046126222, FrameInterval=502652672880022, FrameStartTime=16666666, SyncQueued=502652732095022, SyncStart=502652732387990, IssueDrawCommandsStart=502652732661844, SwapBuffers=502652744349657, FrameCompleted=502652746567105, DequeueBufferDuration=33958, QueueBufferDuration=1269792, GpuCompleted=502652746567105, SwapBuffersCompleted=502652746567105, DisplayPresentTime=0,
2026-04-03 16:54:04.229   824-824   Quality                 com.example.englishup                I  Skipped: false 6 cost 103.342926 refreshRate 0 processName com.example.englishup
2026-04-03 16:54:06.461   824-824   Quality                 com.example.englishup                I  Skipped: true 1 cost 17.244736 refreshRate 0 processName com.example.englishup
2026-04-03 16:54:06.505   824-824   ReadingRepository       com.example.englishup                D  getAll: Fetching from remote...
2026-04-03 16:54:06.541   824-1799  okhttp.OkHttpClient     com.example.englishup                I  --> GET https://api.quotable.io/quotes/random?limit=10
2026-04-03 16:54:06.541   824-1799  okhttp.OkHttpClient     com.example.englishup                I  --> END GET
2026-04-03 16:54:06.673   824-824   Quality                 com.example.englishup                I  Skipped: false 11 cost 198.13133 refreshRate 0 processName com.example.englishup
2026-04-03 16:54:06.754   824-824   Quality                 com.example.englishup                I  Skipped: true 4 cost 78.91003 refreshRate 0 processName com.example.englishup
2026-04-03 16:54:07.333   824-824   Quality                 com.example.englishup                I  Skipped: false 6 cost 107.8241 refreshRate 0 processName com.example.englishup
2026-04-03 16:54:07.370   824-1799  okhttp.OkHttpClient     com.example.englishup                I  <-- HTTP FAILED: javax.net.ssl.SSLHandshakeException: Chain validation failed
2026-04-03 16:54:07.381   824-824   ReadingRepository       com.example.englishup                D  getAll: Fetched 3 items from remote
2026-04-03 16:54:07.605   824-824   Quality                 com.example.englishup                I  Skipped: true 11 cost 196.37532 refreshRate 0 processName com.example.englishup
2026-04-03 16:54:11.639   824-824   Quality                 com.example.englishup                I  Skipped: false 6 cost 113.49889 refreshRate 0 processName com.example.englishup
2026-04-03 16:54:12.946   824-824   ample.englishu          com.example.englishup                I  hiddenapi: Accessing hidden method Landroid/view/ViewTreeObserver;->dispatchOnScrollChanged()V (runtime_flags=0, domain=platform, api=unsupported) from Landroidx/compose/ui/platform/AndroidComposeView$Companion; (domain=app, TargetSdkVersion=36) using reflection: allowed
2026-04-03 16:54:13.026   824-824   Quality                 com.example.englishup                I  Skipped: true 2 cost 34.280952 refreshRate 0 processName com.example.englishup
2026-04-03 16:54:13.396   824-824   Quality                 com.example.englishup                I  Skipped: true 1 cost 20.994953 refreshRate 0 processName com.example.englishup
2026-04-03 16:54:14.130   824-824   Quality                 com.example.englishup                I  Skipped: false 2 cost 37.590393 refreshRate 0 processName com.example.englishup
2026-04-03 16:54:14.363   824-824   Quality                 com.example.englishup                I  Skipped: true 1 cost 20.70486 refreshRate 0 processName com.example.englishup
2026-04-03 16:54:14.915   824-824   Quality                 com.example.englishup                I  Skipped: true 1 cost 22.650517 refreshRate 0 processName com.example.englishup
2026-04-03 16:54:15.193   824-824   Quality                 com.example.englishup                I  Skipped: true 1 cost 17.978302 refreshRate 0 processName com.example.englishup
2026-04-03 16:54:15.840   824-824   Quality                 com.example.englishup                I  Skipped: false 3 cost 64.746414 refreshRate 0 processName com.example.englishup
2026-04-03 16:54:15.943   824-1799  okhttp.OkHttpClient     com.example.englishup                I  --> GET https://opentdb.com/api.php?amount=10&type=multiple
2026-04-03 16:54:15.943   824-1799  okhttp.OkHttpClient     com.example.englishup                I  --> END GET
2026-04-03 16:54:16.017   824-824   Quality                 com.example.englishup                I  Skipped: false 7 cost 125.20265 refreshRate 0 processName com.example.englishup
2026-04-03 16:54:16.079   824-824   Quality                 com.example.englishup                I  Skipped: true 3 cost 53.472214 refreshRate 0 processName com.example.englishup
2026-04-03 16:54:16.673   824-824   Quality                 com.example.englishup                I  Skipped: false 3 cost 64.66193 refreshRate 0 processName com.example.englishup
2026-04-03 16:54:16.704   824-824   Quality                 com.example.englishup                I  Skipped: true 1 cost 28.769388 refreshRate 0 processName com.example.englishup
2026-04-03 16:54:17.447   824-1799  okhttp.OkHttpClient     com.example.englishup                I  <-- 200 https://opentdb.com/api.php?amount=10&type=multiple (1501ms)
2026-04-03 16:54:17.447   824-1799  okhttp.OkHttpClient     com.example.englishup                I  expires: Thu, 19 Nov 1981 08:52:00 GMT
2026-04-03 16:54:17.447   824-1799  okhttp.OkHttpClient     com.example.englishup                I  cache-control: no-store, no-cache, must-revalidate
2026-04-03 16:54:17.447   824-1799  okhttp.OkHttpClient     com.example.englishup                I  pragma: no-cache
2026-04-03 16:54:17.448   824-1799  okhttp.OkHttpClient     com.example.englishup                I  access-control-allow-origin: *
2026-04-03 16:54:17.448   824-1799  okhttp.OkHttpClient     com.example.englishup                I  set-cookie: PHPSESSID=74d21c3e8742aca6a96e9bfb0848ae19; path=/
2026-04-03 16:54:17.448   824-1799  okhttp.OkHttpClient     com.example.englishup                I  vary: User-Agent
2026-04-03 16:54:17.448   824-1799  okhttp.OkHttpClient     com.example.englishup                I  strict-transport-security: max-age=31536000
2026-04-03 16:54:17.448   824-1799  okhttp.OkHttpClient     com.example.englishup                I  content-type: application/json
2026-04-03 16:54:17.449   824-1799  okhttp.OkHttpClient     com.example.englishup                I  date: Fri, 03 Apr 2026 09:54:16 GMT
2026-04-03 16:54:17.449   824-1799  okhttp.OkHttpClient     com.example.englishup                I  server: Apache
2026-04-03 16:54:17.462   824-1799  okhttp.OkHttpClient     com.example.englishup                I  {"response_code":0,"results":[{"type":"multiple","difficulty":"medium","category":"Celebrities","question":"In what year did &quot;Bob Ross&quot; die?","correct_answer":"1995","incorrect_answers":["1986","1989","1997"]},{"type":"multiple","difficulty":"hard","category":"Entertainment: Video Games","question":"What was the name of Sonic the Hedgehog&#039;s original human girlfriend?","correct_answer":"Madonna","incorrect_answers":["Celeste","Sierra","Nina"]},{"type":"multiple","difficulty":"medium","category":"Entertainment: Video Games","question":"Which one of the following actors did not voice a character in &quot;Saints Row: The Third&quot;?","correct_answer":"Ron Jeremy","incorrect_answers":["Sasha Grey","Burt Reynolds","Hulk Hogan"]},{"type":"multiple","difficulty":"medium","category":"Entertainment: Japanese Anime &amp; Manga","question":"In the &quot;Re:Zero&quot; manga series, which of the following Sin Archbishops eats Rem&#039;s existence?","correct_answer":"Ley Batenkaitos","incorrect_answers":["Roy Alphard","Petelgeuse Romanee-Conti","Louis Arneb"]},{"type":"multiple","difficulty":"easy","category":"Entertainment: Music","question":"Who is the lead singer of the band Coldplay?","correct_answer":"Chris Martin","incorrect_answers":["Chris Isaak","Chris Wallace","Chris Connelly"]},{"type":"multiple","difficulty":"hard","category":"Entertainment: Video Games","question":"How long are all the cutscenes from Metal Gear Solid 4 (PS3, 2008) combined?","correct_answer":"8 hours","incorrect_answers":["4 hours","12 hours","5 hours"]},{"type":"multiple","difficulty":"easy","category":"Entertainment: Television","question":"Who is the main character in the show &quot;Burn Notice&quot;?","correct_answer":"Michael Westen","incorrect_answers":["Sam Axe","Fiona Glenanne","Madeline Westen"]},{"type":"multiple","difficulty":"medium","category":"Entertainment: Comics","question":"What&#039;s the weakness of american vampires (Scott Snyder&#039;s American Vampire)?","correct_answer":"Gold","incorrect_answers":["Sunlight","Wood","Silver"]},{"type":"multiple","difficulty":"hard","category":"Vehicles","question":"What car manufacturer gave away their patent for the seat-belt in the interest of saving lives?","correct_answer":"Volvo","incorrect_answers":["Ferrari","Ford","Renault"]},{"type":"multiple","difficulty":"easy","category":"Entertainment: Video Games","question":"The games Cry of Fear, Natural Selection and Counter-Strike were originally mods for what video game?","correct_answer":"Half-Life","incorrect_answers":["Warcraft III","Arma 2","Doom"]}]}
2026-04-03 16:54:17.463   824-1799  okhttp.OkHttpClient     com.example.englishup                I  <-- END HTTP (2589-byte body)
2026-04-03 16:54:17.793   824-824   Quality                 com.example.englishup                I  Skipped: false 17 cost 284.07095 refreshRate 0 processName com.example.englishup
2026-04-03 16:54:31.348   824-824   Quality                 com.example.englishup                I  Skipped: false 2 cost 38.600468 refreshRate 0 processName com.example.englishup
2026-04-03 16:54:31.525   824-839   ample.englishu          com.example.englishup                I  Background concurrent copying GC freed 4355KB AllocSpace bytes, 7(140KB) LOS objects, 49% free, 5716KB/11MB, paused 338us,42us total 100.082ms
2026-04-03 16:54:31.716   824-824   Quality                 com.example.englishup                I  Skipped: false 19 cost 322.73743 refreshRate 0 processName com.example.englishup
2026-04-03 16:54:31.782   824-824   Quality                 com.example.englishup                I  Skipped: false 3 cost 56.48816 refreshRate 0 processName com.example.englishup
2026-04-03 16:54:32.196   824-824   Quality                 com.example.englishup                I  Skipped: false 3 cost 53.872345 refreshRate 0 processName com.example.englishup
2026-04-03 16:54:33.310   824-824   Quality                 com.example.englishup                I  Skipped: false 2 cost 34.2543 refreshRate 0 processName com.example.englishup
2026-04-03 16:54:33.461   824-824   Quality                 com.example.englishup                I  Skipped: true 6 cost 102.41367 refreshRate 0 processName com.example.englishup
2026-04-03 16:54:34.859   824-824   Quality                 com.example.englishup                I  Skipped: false 29 cost 483.35287 refreshRate 0 processName com.example.englishup
2026-04-03 16:54:34.923   824-824   Quality                 com.example.englishup                I  Skipped: false 2 cost 48.271347 refreshRate 0 processName com.example.englishup
2026-04-03 16:54:35.197   824-824   Quality                 com.example.englishup                I  Skipped: false 4 cost 71.27142 refreshRate 0 processName com.example.englishup
2026-04-03 16:54:36.409   824-824   Quality                 com.example.englishup                I  Skipped: false 1 cost 16.75909 refreshRate 0 processName com.example.englishup
2026-04-03 16:54:36.497   824-824   ListeningRepository     com.example.englishup                D  getAll: Fetching from remote...
2026-04-03 16:54:36.517   824-1799  okhttp.OkHttpClient     com.example.englishup                I  --> GET https://api.dictionaryapi.dev/api/v2/entries/en/hello
2026-04-03 16:54:36.518   824-1799  okhttp.OkHttpClient     com.example.englishup                I  --> END GET
2026-04-03 16:54:36.619   824-824   Quality                 com.example.englishup                I  Skipped: false 8 cost 143.75327 refreshRate 0 processName com.example.englishup
2026-04-03 16:54:36.685   824-824   Quality                 com.example.englishup                I  Skipped: true 3 cost 59.819744 refreshRate 0 processName com.example.englishup
2026-04-03 16:54:36.910   824-824   Quality                 com.example.englishup                I  Skipped: true 1 cost 17.813 refreshRate 0 processName com.example.englishup
2026-04-03 16:54:37.293   824-824   Quality                 com.example.englishup                I  Skipped: false 5 cost 84.4916 refreshRate 0 processName com.example.englishup
2026-04-03 16:54:39.545   824-1799  okhttp.OkHttpClient     com.example.englishup                I  <-- 200 https://api.dictionaryapi.dev/api/v2/entries/en/hello (3027ms)
2026-04-03 16:54:39.546   824-1799  okhttp.OkHttpClient     com.example.englishup                I  date: Fri, 03 Apr 2026 09:54:38 GMT
2026-04-03 16:54:39.546   824-1799  okhttp.OkHttpClient     com.example.englishup                I  content-type: application/json; charset=utf-8
2026-04-03 16:54:39.546   824-1799  okhttp.OkHttpClient     com.example.englishup                I  server: cloudflare
2026-04-03 16:54:39.547   824-1799  okhttp.OkHttpClient     com.example.englishup                I  nel: {"report_to":"cf-nel","success_fraction":0.0,"max_age":604800}
2026-04-03 16:54:39.547   824-1799  okhttp.OkHttpClient     com.example.englishup                I  x-powered-by: Express
2026-04-03 16:54:39.547   824-1799  okhttp.OkHttpClient     com.example.englishup                I  access-control-allow-origin: *
2026-04-03 16:54:39.547   824-1799  okhttp.OkHttpClient     com.example.englishup                I  x-ratelimit-limit: 450
2026-04-03 16:54:39.548   824-1799  okhttp.OkHttpClient     com.example.englishup                I  x-ratelimit-remaining: 449
2026-04-03 16:54:39.548   824-1799  okhttp.OkHttpClient     com.example.englishup                I  x-ratelimit-reset: 1761379273
2026-04-03 16:54:39.548   824-1799  okhttp.OkHttpClient     com.example.englishup                I  etag: W/"7d7-AsMfdIELzoWWA6vv1HBPg2dLoi8"
2026-04-03 16:54:39.548   824-1799  okhttp.OkHttpClient     com.example.englishup                I  vary: Accept-Encoding
2026-04-03 16:54:39.549   824-1799  okhttp.OkHttpClient     com.example.englishup                I  age: 816388
2026-04-03 16:54:39.549   824-1799  okhttp.OkHttpClient     com.example.englishup                I  cache-control: max-age=14400
2026-04-03 16:54:39.549   824-1799  okhttp.OkHttpClient     com.example.englishup                I  cf-cache-status: HIT
2026-04-03 16:54:39.549   824-1799  okhttp.OkHttpClient     com.example.englishup                I  server-timing: cfCacheStatus;desc="HIT"
2026-04-03 16:54:39.550   824-1799  okhttp.OkHttpClient     com.example.englishup                I  server-timing: cfEdge;dur=8,cfOrigin;dur=0
2026-04-03 16:54:39.550   824-1799  okhttp.OkHttpClient     com.example.englishup                I  report-to: {"group":"cf-nel","max_age":604800,"endpoints":[{"url":"https://a.nel.cloudflare.com/report/v4?s=1w%2Fu34MlIY410SkxoQ%2BZIqSUXmPEInBZi5BEKNagS3j601txOoNyKAd2u4gfR%2B%2Fe7qw5wkZjNo4tzO4jjSJbrFRJ%2FwuwoZRspifeOIY35hyMJTwIH9Z5bpaDH%2BIu7T15ZsRiXw45adw%3D"}]}
2026-04-03 16:54:39.550   824-1799  okhttp.OkHttpClient     com.example.englishup                I  cf-ray: 9e67316e6c409af4-SIN
2026-04-03 16:54:39.551   824-1799  okhttp.OkHttpClient     com.example.englishup                I  alt-svc: h3=":443"; ma=86400
2026-04-03 16:54:39.555   824-1799  okhttp.OkHttpClient     com.example.englishup                I  [{"word":"hello","phonetics":[{"audio":"https://api.dictionaryapi.dev/media/pronunciations/en/hello-au.mp3","sourceUrl":"https://commons.wikimedia.org/w/index.php?curid=75797336","license":{"name":"BY-SA 4.0","url":"https://creativecommons.org/licenses/by-sa/4.0"}},{"text":"/həˈləʊ/","audio":"https://api.dictionaryapi.dev/media/pronunciations/en/hello-uk.mp3","sourceUrl":"https://commons.wikimedia.org/w/index.php?curid=9021983","license":{"name":"BY 3.0 US","url":"https://creativecommons.org/licenses/by/3.0/us"}},{"text":"/həˈloʊ/","audio":""}],"meanings":[{"partOfSpeech":"noun","definitions":[{"definition":"\"Hello!\" or an equivalent greeting.","synonyms":[],"antonyms":[]}],"synonyms":["greeting"],"antonyms":[]},{"partOfSpeech":"verb","definitions":[{"definition":"To greet with \"hello\".","synonyms":[],"antonyms":[]}],"synonyms":[],"antonyms":[]},{"partOfSpeech":"interjection","definitions":[{"definition":"A greeting (salutation) said when meeting someone or acknowledging someone’s arrival or presence.","synonyms":[],"antonyms":[],"example":"Hello, everyone."},{"definition":"A greeting used when answering the telephone.","synonyms":[],"antonyms":[],"example":"Hello? How may I help you?"},{"definition":"A call for response if it is not clear if anyone is present or listening, or if a telephone conversation may have been disconnected.","synonyms":[],"antonyms":[],"example":"Hello? Is anyone there?"},{"definition":"Used sarcastically to imply that the person addressed or referred to has done something the speaker or writer considers to be foolish.","synonyms":[],"antonyms":[],"example":"You just tried to start your car with your cell phone. Hello?"},{"definition":"An expression of puzzlement or discovery.","synonyms":[],"antonyms":[],"example":"Hello! What’s going on here?"}],"synonyms":[],"antonyms":["bye","goodbye"]}],"license":{"name":"CC BY-SA 3.0","url":"https://creativecommons.org/licenses/by-sa/3.0"},"sourceUrls":["https://en.wiktionary.org/wiki/hello"]}]
2026-04-03 16:54:39.555   824-1799  okhttp.OkHttpClient     com.example.englishup                I  <-- END HTTP (2007-byte body)
2026-04-03 16:54:39.571   824-1799  okhttp.OkHttpClient     com.example.englishup                I  --> GET https://api.dictionaryapi.dev/api/v2/entries/en/world
2026-04-03 16:54:39.572   824-1799  okhttp.OkHttpClient     com.example.englishup                I  --> END GET
2026-04-03 16:54:39.780   824-1799  okhttp.OkHttpClient     com.example.englishup                I  <-- 200 https://api.dictionaryapi.dev/api/v2/entries/en/world (208ms)
2026-04-03 16:54:39.781   824-1799  okhttp.OkHttpClient     com.example.englishup                I  date: Fri, 03 Apr 2026 09:54:38 GMT
2026-04-03 16:54:39.781   824-1799  okhttp.OkHttpClient     com.example.englishup                I  content-type: application/json; charset=utf-8
2026-04-03 16:54:39.781   824-1799  okhttp.OkHttpClient     com.example.englishup                I  server: cloudflare
2026-04-03 16:54:39.782   824-1799  okhttp.OkHttpClient     com.example.englishup                I  nel: {"report_to":"cf-nel","success_fraction":0.0,"max_age":604800}
2026-04-03 16:54:39.782   824-1799  okhttp.OkHttpClient     com.example.englishup                I  x-powered-by: Express
2026-04-03 16:54:39.782   824-1799  okhttp.OkHttpClient     com.example.englishup                I  access-control-allow-origin: *
2026-04-03 16:54:39.783   824-1799  okhttp.OkHttpClient     com.example.englishup                I  x-ratelimit-limit: 450
2026-04-03 16:54:39.784   824-1799  okhttp.OkHttpClient     com.example.englishup                I  x-ratelimit-remaining: 448
2026-04-03 16:54:39.784   824-1799  okhttp.OkHttpClient     com.example.englishup                I  x-ratelimit-reset: 1770865339
2026-04-03 16:54:39.784   824-1799  okhttp.OkHttpClient     com.example.englishup                I  etag: W/"b94-TO7SCn9SspfQX7tcFyX+yTNbjWQ"
2026-04-03 16:54:39.785   824-1799  okhttp.OkHttpClient     com.example.englishup                I  vary: Accept-Encoding
2026-04-03 16:54:39.786   824-1799  okhttp.OkHttpClient     com.example.englishup                I  age: 1663260
2026-04-03 16:54:39.786   824-1799  okhttp.OkHttpClient     com.example.englishup                I  cache-control: max-age=14400
2026-04-03 16:54:39.787   824-1799  okhttp.OkHttpClient     com.example.englishup                I  cf-cache-status: HIT
2026-04-03 16:54:39.787   824-1799  okhttp.OkHttpClient     com.example.englishup                I  server-timing: cfCacheStatus;desc="HIT"
2026-04-03 16:54:39.788   824-1799  okhttp.OkHttpClient     com.example.englishup                I  server-timing: cfEdge;dur=9,cfOrigin;dur=0
2026-04-03 16:54:39.789   824-1799  okhttp.OkHttpClient     com.example.englishup                I  report-to: {"group":"cf-nel","max_age":604800,"endpoints":[{"url":"https://a.nel.cloudflare.com/report/v4?s=SkXn5xYyVvMzc99CeKyEtVKbo4BLpsAb8pWoERh%2BT3DdCSVv0MFVntyEpHhNDxkyawahc8jHMY3zu%2FMzbXqxdMn4SAfVsuzy0w0XwfZRFcDiSv6%2BU86KQRfFOnewnJrKQCNgj4NlkPw%3D"}]}
2026-04-03 16:54:39.790   824-1799  okhttp.OkHttpClient     com.example.englishup                I  cf-ray: 9e67316f8e9c9af4-SIN
2026-04-03 16:54:39.790   824-1799  okhttp.OkHttpClient     com.example.englishup                I  alt-svc: h3=":443"; ma=86400
